{
  "status": "HEURISTIC_FEASIBLE",
  "history": [
    {
      "seconds": 6.654713400001128,
      "objective": 399675107117,
      "source": "FIFO + d\u1ed3n ca"
    },
    {
      "seconds": 16.93099820000134,
      "objective": 399675106829,
      "iteration": 1,
      "neighbourhood": "time"
    },
    {
      "seconds": 46.27813580000111,
      "objective": 399675106788,
      "iteration": 4,
      "neighbourhood": "random"
    }
  ],
  "iterations": [
    {
      "neighbourhood": "time",
      "released_runs": [],
      "status": "FEASIBLE",
      "build_seconds": 2.205371500000183,
      "solve_seconds": 7.800223900000001
    },
    {
      "neighbourhood": "machine",
      "released_runs": [
        "F_HEAT-02",
        "F_HEAT-04",
        "F_HEAT-06",
        "F_HEAT-08",
        "F_HEAT-10",
        "F_HEAT-12",
        "F_HEAT-14",
        "F_HEAT-16",
        "F_HEAT-18",
        "F_HEAT-20",
        "L001",
        "L002",
        "L003",
        "L004",
        "L005",
        "L006",
        "L007",
        "L008",
        "L009",
        "L010",
        "L011",
        "L012",
        "L013",
        "L014",
        "L015",
        "L016",
        "L017",
        "L018",
        "L019",
        "L020",
        "L021",
        "L022",
        "L023",
        "L024",
        "L025",
        "L026",
        "L027",
        "L028",
        "L029",
        "L030",
        "L031",
        "L032",
        "L033",
        "L034",
        "L035",
        "L036",
        "L037",
        "L038",
        "L039",
        "L040",
        "L041",
        "L042",
        "L043",
        "L044",
        "L045",
        "L046",
        "L047",
        "L048",
        "R_HEAT-01",
        "R_HEAT-03",
        "R_HEAT-05",
        "R_HEAT-07",
        "R_HEAT-09",
        "R_HEAT-11",
        "R_HEAT-13",
        "R_HEAT-15",
        "R_HEAT-17",
        "R_HEAT-19"
      ],
      "status": "UNKNOWN",
      "build_seconds": 2.140080700000908,
      "solve_seconds": 7.3276642
    },
    {
      "neighbourhood": "stage",
      "released_runs": [
        "L001",
        "L002",
        "L003",
        "L004",
        "L005",
        "L006",
        "L007",
        "L008",
        "L009",
        "L010",
        "L011",
        "L012",
        "L013",
        "L014",
        "L015",
        "L016",
        "L017",
        "L018",
        "L019",
        "L020",
        "L021",
        "L022",
        "L023",
        "L024",
        "L025",
        "L026",
        "L027",
        "L028",
        "L029",
        "L030",
        "L031",
        "L032",
        "L033",
        "L034",
        "L035",
        "L036",
        "L037",
        "L038",
        "L039",
        "L040",
        "L041",
        "L042",
        "L043",
        "L044",
        "L045",
        "L046",
        "L047",
        "L048",
        "RL001",
        "RL002",
        "RL003"
      ],
      "status": "UNKNOWN",
      "build_seconds": 2.1560507000012876,
      "solve_seconds": 7.4171506
    },
    {
      "neighbourhood": "random",
      "released_runs": [
        "F_BLACK_PAINT-02",
        "F_BLACK_PAINT-03",
        "F_BLACK_PAINT-04",
        "F_CAST-02",
        "F_CAST-04",
        "F_CAST-08",
        "F_CAST-10",
        "F_CAST-11",
        "F_CAST-16",
        "F_CAST-17",
        "F_CAST-22",
        "F_CAST-24",
        "F_CAST-RL002-2",
        "F_HEAT-01",
        "F_HEAT-03",
        "F_HEAT-17",
        "F_HEAT-19",
        "F_HEAT-RL002-1",
        "F_MACH-03",
        "F_MACH-14",
        "F_MACH-16",
        "F_MACH-17",
        "F_MACH-19",
        "F_MACH-20",
        "F_MACH-RL003-2",
        "F_SILVER_PAINT-01",
        "F_SILVER_PAINT-03",
        "F_SILVER_PAINT-06",
        "F_SILVER_PAINT-07",
        "F_SILVER_PAINT-10",
        "F_SILVER_PAINT-11",
        "F_SILVER_PAINT-13",
        "L009",
        "L017",
        "L022",
        "L025",
        "L035",
        "L037",
        "R_BLACK_PAINT-06",
        "R_CAST-06",
        "R_CAST-10",
        "R_CAST-18",
        "R_CAST-20",
        "R_HEAT-04",
        "R_HEAT-15",
        "R_HEAT-16",
        "R_HEAT-18",
        "R_MACH-02",
        "R_MACH-07",
        "R_MACH-10",
        "R_MACH-12",
        "R_SILVER_PAINT-10"
      ],
      "status": "FEASIBLE",
      "build_seconds": 2.0618741999987833,
      "solve_seconds": 7.946969200000001
    },
    {
      "neighbourhood": "time",
      "released_runs": [
        "R_SILVER_PAINT-05"
      ],
      "status": "FEASIBLE",
      "build_seconds": 2.163154800000484,
      "solve_seconds": 7.84407
    },
    {
      "neighbourhood": "machine",
      "released_runs": [
        "F_CAST-02",
        "F_CAST-03",
        "F_CAST-04",
        "F_CAST-06",
        "F_CAST-09",
        "F_CAST-10",
        "F_CAST-12",
        "F_CAST-15",
        "F_CAST-16",
        "F_CAST-17",
        "F_CAST-19",
        "F_CAST-21",
        "F_CAST-23",
        "F_CAST-25",
        "F_CAST-27",
        "F_CAST-29",
        "F_CAST-30",
        "F_MACH-02",
        "F_MACH-04",
        "F_MACH-06",
        "F_MACH-09",
        "F_MACH-11",
        "F_MACH-14",
        "F_MACH-16",
        "F_MACH-18",
        "F_MACH-21",
        "F_MACH-23",
        "F_MACH-26",
        "R_CAST-04",
        "R_CAST-06",
        "R_CAST-08",
        "R_CAST-10",
        "R_CAST-13",
        "R_CAST-14",
        "R_CAST-16",
        "R_CAST-18",
        "R_CAST-21",
        "R_CAST-22",
        "R_CAST-24",
        "R_CAST-26",
        "R_CAST-28",
        "R_MACH-02",
        "R_MACH-04",
        "R_MACH-06",
        "R_MACH-09",
        "R_MACH-11",
        "R_MACH-12",
        "R_MACH-14",
        "R_MACH-16",
        "R_MACH-18",
        "R_MACH-21",
        "R_MACH-23"
      ],
      "status": "FEASIBLE",
      "build_seconds": 2.089085300000079,
      "solve_seconds": 7.924800100000001
    },
    {
      "neighbourhood": "stage",
      "released_runs": [
        "F_MACH-01",
        "F_MACH-02",
        "F_MACH-03",
        "F_MACH-04",
        "F_MACH-05",
        "F_MACH-06",
        "F_MACH-07",
        "F_MACH-08",
        "F_MACH-09",
        "F_MACH-10",
        "F_MACH-11",
        "F_MACH-12",
        "F_MACH-13",
        "F_MACH-14",
        "F_MACH-15",
        "F_MACH-16",
        "F_MACH-17",
        "F_MACH-18",
        "F_MACH-19",
        "F_MACH-20",
        "F_MACH-21",
        "F_MACH-22",
        "F_MACH-23",
        "F_MACH-24",
        "F_MACH-25",
        "F_MACH-26",
        "F_MACH-27",
        "F_MACH-RL002-1",
        "F_MACH-RL002-2",
        "F_MACH-RL003-1",
        "F_MACH-RL003-2",
        "R_MACH-01",
        "R_MACH-02",
        "R_MACH-03",
        "R_MACH-04",
        "R_MACH-05",
        "R_MACH-06",
        "R_MACH-07",
        "R_MACH-08",
        "R_MACH-09",
        "R_MACH-10",
        "R_MACH-11",
        "R_MACH-12",
        "R_MACH-13",
        "R_MACH-14",
        "R_MACH-15",
        "R_MACH-16",
        "R_MACH-17",
        "R_MACH-18",
        "R_MACH-19",
        "R_MACH-20",
        "R_MACH-21",
        "R_MACH-22",
        "R_MACH-23",
        "R_MACH-24"
      ],
      "status": "UNKNOWN",
      "build_seconds": 2.1665481,
      "solve_seconds": 7.9454314
    },
    {
      "neighbourhood": "random",
      "released_runs": [
        "F_BLACK_PAINT-RL003-1",
        "F_CAST-01",
        "F_CAST-03",
        "F_CAST-04",
        "F_CAST-05",
        "F_CAST-14",
        "F_CAST-16",
        "F_CAST-18",
        "F_CAST-19",
        "F_CAST-23",
        "F_CAST-26",
        "F_CAST-28",
        "F_CAST-31",
        "F_CAST-RL003-1",
        "F_HEAT-05",
        "F_HEAT-11",
        "F_HEAT-16",
        "F_HEAT-21",
        "F_HEAT-RL003-1",
        "F_MACH-03",
        "F_MACH-04",
        "F_MACH-06",
        "F_MACH-09",
        "F_MACH-19",
        "F_MACH-21",
        "F_MACH-22",
        "F_MACH-RL002-1",
        "F_MACH-RL003-1",
        "F_SILVER_PAINT-05",
        "L004",
        "L006",
        "L009",
        "L014",
        "L026",
        "L043",
        "L047",
        "R_BLACK_PAINT-01",
        "R_BLACK_PAINT-04",
        "R_CAST-04",
        "R_CAST-05",
        "R_CAST-20",
        "R_CAST-23",
        "R_CAST-24",
        "R_CAST-RB002",
        "R_HEAT-06",
        "R_HEAT-07",
        "R_HEAT-17",
        "R_HEAT-19",
        "R_MACH-19",
        "R_MACH-22",
        "R_SILVER_PAINT-01",
        "R_SILVER_PAINT-02"
      ],
      "status": "FEASIBLE",
      "build_seconds": 2.1114978000005067,
      "solve_seconds": 7.897992500000001
    },
    {
      "neighbourhood": "time",
      "released_runs": [],
      "status": "FEASIBLE",
      "build_seconds": 2.1104218999989826,
      "solve_seconds": 7.895292
    },
    {
      "neighbourhood": "machine",
      "released_runs": [
        "F_HEAT-02",
        "F_HEAT-04",
        "F_HEAT-06",
        "F_HEAT-08",
        "F_HEAT-10",
        "F_HEAT-12",
        "F_HEAT-14",
        "F_HEAT-16",
        "F_HEAT-18",
        "F_HEAT-20",
        "L001",
        "L002",
        "L003",
        "L004",
        "L005",
        "L006",
        "L007",
        "L008",
        "L009",
        "L010",
        "L011",
        "L012",
        "L013",
        "L014",
        "L015",
        "L016",
        "L017",
        "L018",
        "L019",
        "L020",
        "L021",
        "L022",
        "L023",
        "L024",
        "L025",
        "L026",
        "L027",
        "L028",
        "L029",
        "L030",
        "L031",
        "L032",
        "L033",
        "L034",
        "L035",
        "L036",
        "L037",
        "L038",
        "L039",
        "L040",
        "L041",
        "L042",
        "L043",
        "L044",
        "L045",
        "L046",
        "L047",
        "L048",
        "RL001",
        "R_HEAT-01",
        "R_HEAT-03",
        "R_HEAT-05",
        "R_HEAT-07",
        "R_HEAT-09",
        "R_HEAT-11",
        "R_HEAT-13",
        "R_HEAT-15",
        "R_HEAT-17",
        "R_HEAT-19"
      ],
      "status": "UNKNOWN",
      "build_seconds": 2.132620799999131,
      "solve_seconds": 7.5939348
    },
    {
      "neighbourhood": "stage",
      "released_runs": [
        "L001",
        "L002",
        "L003",
        "L004",
        "L005",
        "L006",
        "L007",
        "L008",
        "L009",
        "L010",
        "L011",
        "L012",
        "L013",
        "L014",
        "L015",
        "L016",
        "L017",
        "L018",
        "L019",
        "L020",
        "L021",
        "L022",
        "L023",
        "L024",
        "L025",
        "L026",
        "L027",
        "L028",
        "L029",
        "L030",
        "L031",
        "L032",
        "L033",
        "L034",
        "L035",
        "L036",
        "L037",
        "L038",
        "L039",
        "L040",
        "L041",
        "L042",
        "L043",
        "L044",
        "L045",
        "L046",
        "L047",
        "L048",
        "RL001",
        "RL002",
        "RL003"
      ],
      "status": "UNKNOWN",
      "build_seconds": 2.137250399999175,
      "solve_seconds": 7.122657200000001
    },
    {
      "neighbourhood": "random",
      "released_runs": [
        "F_BLACK_PAINT-01",
        "F_BLACK_PAINT-02",
        "F_BLACK_PAINT-04",
        "F_BLACK_PAINT-05",
        "F_BLACK_PAINT-07",
        "F_CAST-01",
        "F_CAST-03",
        "F_CAST-04",
        "F_CAST-06",
        "F_CAST-11",
        "F_CAST-19",
        "F_CAST-20",
        "F_CAST-24",
        "F_CAST-26",
        "F_CAST-RL002-3",
        "F_HEAT-01",
        "F_HEAT-04",
        "F_HEAT-08",
        "F_HEAT-09",
        "F_HEAT-11",
        "F_HEAT-17",
        "F_HEAT-19",
        "F_HEAT-RL003-1",
        "F_MACH-02",
        "F_MACH-03",
        "F_MACH-09",
        "F_MACH-15",
        "F_MACH-18",
        "F_SILVER_PAINT-03",
        "F_SILVER_PAINT-06",
        "F_SILVER_PAINT-08",
        "L006",
        "L007",
        "L015",
        "L022",
        "L024",
        "L028",
        "L031",
        "L036",
        "RL002",
        "R_CAST-02",
        "R_CAST-07",
        "R_CAST-17",
        "R_CAST-23",
        "R_CAST-24",
        "R_HEAT-05",
        "R_HEAT-15",
        "R_HEAT-16",
        "R_HEAT-18",
        "R_HEAT-19",
        "R_MACH-22",
        "R_MACH-24"
      ],
      "status": "UNKNOWN",
      "build_seconds": 2.1519653999985167,
      "solve_seconds": 1.0785927
    }
  ],
  "bound": null,
  "bound_scope": "none; neighborhood bounds are not global",
  "initial_hint_objective": 399675107117,
  "hint_source": "FIFO + d\u1ed3n ca",
  "workers": 1
}