{
  "status": "HEURISTIC_FEASIBLE",
  "history": [
    {
      "seconds": 0.23077609999927517,
      "objective": 323465104894,
      "evaluations": 1
    },
    {
      "seconds": 0.9885309999990568,
      "objective": 322925108803,
      "evaluations": 4
    },
    {
      "seconds": 1.2756358999995427,
      "objective": 290540108795,
      "evaluations": 5
    },
    {
      "seconds": 4.296660099998917,
      "objective": 278000112019,
      "evaluations": 16
    },
    {
      "seconds": 4.8372982000000775,
      "objective": 277160109031,
      "evaluations": 18
    },
    {
      "seconds": 8.330639199999496,
      "objective": 276620108995,
      "evaluations": 31
    },
    {
      "seconds": 10.240855299998657,
      "objective": 264290113629,
      "evaluations": 38
    },
    {
      "seconds": 12.84112659999846,
      "objective": 228800113821,
      "evaluations": 48
    },
    {
      "seconds": 14.988382399998954,
      "objective": 219710112575,
      "evaluations": 56
    },
    {
      "seconds": 16.04735839999921,
      "objective": 164300112547,
      "evaluations": 60
    },
    {
      "seconds": 21.920665699999518,
      "objective": 155540113241,
      "evaluations": 81
    },
    {
      "seconds": 22.487671099999716,
      "objective": 152870115979,
      "evaluations": 83
    },
    {
      "seconds": 26.042346399999587,
      "objective": 152870115939,
      "evaluations": 95
    },
    {
      "seconds": 30.454890999999407,
      "objective": 152870115759,
      "evaluations": 108
    },
    {
      "seconds": 31.63902330000019,
      "objective": 152870114295,
      "evaluations": 112
    },
    {
      "seconds": 33.03676379999888,
      "objective": 152870111459,
      "evaluations": 117
    },
    {
      "seconds": 74.44626739999876,
      "objective": 148455110411,
      "evaluations": 264
    },
    {
      "seconds": 75.94609200000014,
      "objective": 148455109157,
      "evaluations": 269
    },
    {
      "seconds": 78.42457990000003,
      "objective": 148455109061,
      "evaluations": 278
    },
    {
      "seconds": 82.20240789999843,
      "objective": 148455109001,
      "evaluations": 292
    },
    {
      "seconds": 114.90433209999901,
      "objective": 148455103629,
      "source": "compact"
    }
  ],
  "evaluations": 366,
  "bound": null,
  "genes": {
    "delay_max": 960,
    "options": [
      "RB001",
      "RB002",
      "RL001",
      "RL002",
      "RL003"
    ]
  },
  "iterations": 365,
  "accepted_moves": 134,
  "initial_temperature_fraction": 0.04
}