{
  "status": "HEURISTIC_FEASIBLE",
  "history": [
    {
      "seconds": 6.674051800000598,
      "objective": 399675107117,
      "source": "FIFO + d\u1ed3n ca"
    },
    {
      "seconds": 16.92361080000046,
      "objective": 399675106829,
      "iteration": 1,
      "neighbourhood": "time"
    },
    {
      "seconds": 56.275305400000434,
      "objective": 399675105389,
      "iteration": 5,
      "neighbourhood": "time"
    }
  ],
  "iterations": [
    {
      "neighbourhood": "time",
      "released_runs": [],
      "status": "FEASIBLE",
      "build_seconds": 2.2281667000006564,
      "solve_seconds": 7.7780968
    },
    {
      "neighbourhood": "machine",
      "released_runs": [
        "F_MACH-01",
        "F_MACH-02",
        "F_MACH-03",
        "F_MACH-04",
        "F_MACH-05",
        "F_MACH-06",
        "F_MACH-07",
        "F_MACH-08",
        "F_MACH-09",
        "F_MACH-10",
        "F_MACH-11",
        "F_MACH-12",
        "F_MACH-13",
        "F_MACH-14",
        "F_MACH-15",
        "F_MACH-16",
        "F_MACH-17",
        "F_MACH-18",
        "F_MACH-19",
        "F_MACH-20",
        "F_MACH-21",
        "F_MACH-22",
        "F_MACH-23",
        "F_MACH-24",
        "F_MACH-25",
        "F_MACH-26",
        "F_MACH-27",
        "R_MACH-01",
        "R_MACH-02",
        "R_MACH-03",
        "R_MACH-04",
        "R_MACH-05",
        "R_MACH-06",
        "R_MACH-07",
        "R_MACH-08",
        "R_MACH-09",
        "R_MACH-10",
        "R_MACH-11",
        "R_MACH-12",
        "R_MACH-13",
        "R_MACH-14",
        "R_MACH-15",
        "R_MACH-16",
        "R_MACH-17",
        "R_MACH-18",
        "R_MACH-19",
        "R_MACH-20",
        "R_MACH-21",
        "R_MACH-22",
        "R_MACH-23",
        "R_MACH-24"
      ],
      "status": "UNKNOWN",
      "build_seconds": 2.099134000000049,
      "solve_seconds": 7.487031600000001
    },
    {
      "neighbourhood": "stage",
      "released_runs": [
        "L001",
        "L002",
        "L003",
        "L004",
        "L005",
        "L006",
        "L007",
        "L008",
        "L009",
        "L010",
        "L011",
        "L012",
        "L013",
        "L014",
        "L015",
        "L016",
        "L017",
        "L018",
        "L019",
        "L020",
        "L021",
        "L022",
        "L023",
        "L024",
        "L025",
        "L026",
        "L027",
        "L028",
        "L029",
        "L030",
        "L031",
        "L032",
        "L033",
        "L034",
        "L035",
        "L036",
        "L037",
        "L038",
        "L039",
        "L040",
        "L041",
        "L042",
        "L043",
        "L044",
        "L045",
        "L046",
        "L047",
        "L048",
        "RL001",
        "RL002",
        "RL003"
      ],
      "status": "UNKNOWN",
      "build_seconds": 3.630058699998699,
      "solve_seconds": 5.4445723
    },
    {
      "neighbourhood": "random",
      "released_runs": [
        "F_BLACK_PAINT-06",
        "F_BLACK_PAINT-RL003-1",
        "F_CAST-05",
        "F_CAST-09",
        "F_CAST-22",
        "F_CAST-27",
        "F_CAST-RL003-1",
        "F_CAST-RL003-2",
        "F_HEAT-13",
        "F_HEAT-18",
        "F_MACH-06",
        "F_MACH-07",
        "F_MACH-09",
        "F_MACH-10",
        "F_MACH-13",
        "F_MACH-15",
        "F_MACH-16",
        "F_MACH-22",
        "F_SILVER_PAINT-10",
        "L002",
        "L010",
        "L011",
        "L012",
        "L015",
        "L019",
        "L022",
        "L024",
        "L026",
        "L038",
        "L042",
        "L044",
        "R_BLACK_PAINT-01",
        "R_BLACK_PAINT-04",
        "R_BLACK_PAINT-05",
        "R_CAST-06",
        "R_CAST-13",
        "R_CAST-14",
        "R_CAST-20",
        "R_CAST-21",
        "R_CAST-26",
        "R_CAST-27",
        "R_HEAT-05",
        "R_HEAT-10",
        "R_MACH-02",
        "R_MACH-06",
        "R_MACH-07",
        "R_MACH-09",
        "R_MACH-13",
        "R_MACH-14",
        "R_MACH-19",
        "R_MACH-22",
        "R_SILVER_PAINT-07"
      ],
      "status": "FEASIBLE",
      "build_seconds": 2.1595942999992985,
      "solve_seconds": 7.8453948
    },
    {
      "neighbourhood": "time",
      "released_runs": [
        "L031",
        "L032",
        "R_HEAT-14",
        "R_HEAT-15"
      ],
      "status": "FEASIBLE",
      "build_seconds": 2.2709402999989834,
      "solve_seconds": 7.7349123
    },
    {
      "neighbourhood": "machine",
      "released_runs": [
        "F_HEAT-02",
        "F_HEAT-04",
        "F_HEAT-06",
        "F_HEAT-08",
        "F_HEAT-10",
        "F_HEAT-12",
        "F_HEAT-14",
        "F_HEAT-16",
        "F_HEAT-18",
        "F_HEAT-20",
        "L001",
        "L002",
        "L003",
        "L004",
        "L005",
        "L006",
        "L007",
        "L008",
        "L009",
        "L010",
        "L011",
        "L012",
        "L013",
        "L014",
        "L015",
        "L016",
        "L017",
        "L018",
        "L019",
        "L020",
        "L021",
        "L022",
        "L023",
        "L024",
        "L025",
        "L026",
        "L027",
        "L028",
        "L029",
        "L030",
        "L031",
        "L032",
        "L033",
        "L034",
        "L035",
        "L036",
        "L037",
        "L038",
        "L039",
        "L040",
        "L041",
        "L042",
        "L043",
        "L044",
        "L045",
        "L046",
        "L047",
        "L048",
        "R_HEAT-01",
        "R_HEAT-03",
        "R_HEAT-05",
        "R_HEAT-07",
        "R_HEAT-09",
        "R_HEAT-11",
        "R_HEAT-13",
        "R_HEAT-15",
        "R_HEAT-17",
        "R_HEAT-19"
      ],
      "status": "UNKNOWN",
      "build_seconds": 2.3498594999982743,
      "solve_seconds": 7.275772900000001
    },
    {
      "neighbourhood": "stage",
      "released_runs": [
        "L001",
        "L002",
        "L003",
        "L004",
        "L005",
        "L006",
        "L007",
        "L008",
        "L009",
        "L010",
        "L011",
        "L012",
        "L013",
        "L014",
        "L015",
        "L016",
        "L017",
        "L018",
        "L019",
        "L020",
        "L021",
        "L022",
        "L023",
        "L024",
        "L025",
        "L026",
        "L027",
        "L028",
        "L029",
        "L030",
        "L031",
        "L032",
        "L033",
        "L034",
        "L035",
        "L036",
        "L037",
        "L038",
        "L039",
        "L040",
        "L041",
        "L042",
        "L043",
        "L044",
        "L045",
        "L046",
        "L047",
        "L048",
        "RL001",
        "RL002",
        "RL003"
      ],
      "status": "UNKNOWN",
      "build_seconds": 2.165755199999694,
      "solve_seconds": 7.2620326
    },
    {
      "neighbourhood": "random",
      "released_runs": [
        "F_CAST-03",
        "F_CAST-04",
        "F_CAST-06",
        "F_CAST-11",
        "F_CAST-13",
        "F_CAST-18",
        "F_CAST-31",
        "F_HEAT-13",
        "F_HEAT-14",
        "F_HEAT-16",
        "F_HEAT-18",
        "F_HEAT-20",
        "F_MACH-03",
        "F_MACH-04",
        "F_MACH-08",
        "F_MACH-11",
        "F_MACH-13",
        "F_MACH-21",
        "F_SILVER_PAINT-02",
        "F_SILVER_PAINT-04",
        "F_SILVER_PAINT-06",
        "F_SILVER_PAINT-09",
        "F_SILVER_PAINT-11",
        "F_SILVER_PAINT-12",
        "F_SILVER_PAINT-15",
        "F_SILVER_PAINT-RL002-1",
        "L003",
        "L004",
        "L015",
        "L026",
        "L033",
        "L041",
        "RL001",
        "RL003",
        "R_BLACK_PAINT-01",
        "R_BLACK_PAINT-05",
        "R_BLACK_PAINT-07",
        "R_CAST-04",
        "R_CAST-08",
        "R_CAST-09",
        "R_CAST-11",
        "R_CAST-20",
        "R_CAST-22",
        "R_HEAT-03",
        "R_HEAT-08",
        "R_MACH-10",
        "R_MACH-15",
        "R_MACH-16",
        "R_SILVER_PAINT-06",
        "R_SILVER_PAINT-08",
        "R_SILVER_PAINT-09",
        "R_SILVER_PAINT-11"
      ],
      "status": "FEASIBLE",
      "build_seconds": 2.0892035999986547,
      "solve_seconds": 7.9181343
    },
    {
      "neighbourhood": "time",
      "released_runs": [
        "F_BLACK_PAINT-01",
        "F_BLACK_PAINT-02",
        "F_BLACK_PAINT-03",
        "F_CAST-03",
        "F_CAST-04",
        "F_CAST-05",
        "F_CAST-06",
        "F_CAST-07",
        "F_CAST-08",
        "F_CAST-09",
        "F_CAST-10",
        "F_CAST-11",
        "F_CAST-12",
        "F_CAST-13",
        "F_CAST-14",
        "F_CAST-15",
        "F_CAST-16",
        "F_CAST-17",
        "F_HEAT-01",
        "F_HEAT-02",
        "F_HEAT-03",
        "F_HEAT-04",
        "F_HEAT-05",
        "F_HEAT-06",
        "F_MACH-03",
        "F_MACH-04",
        "F_MACH-05",
        "F_MACH-06",
        "L019",
        "L020",
        "L021",
        "L040",
        "R_BLACK_PAINT-01",
        "R_CAST-01",
        "R_CAST-02",
        "R_CAST-03",
        "R_MACH-01"
      ],
      "status": "UNKNOWN",
      "build_seconds": 2.2742829999988317,
      "solve_seconds": 6.3932419000000005
    },
    {
      "neighbourhood": "machine",
      "released_runs": [
        "F_CAST-01",
        "F_CAST-05",
        "F_CAST-07",
        "F_CAST-08",
        "F_CAST-11",
        "F_CAST-13",
        "F_CAST-14",
        "F_CAST-18",
        "F_CAST-20",
        "F_CAST-22",
        "F_CAST-24",
        "F_CAST-26",
        "F_CAST-28",
        "F_CAST-31",
        "L001",
        "L002",
        "L003",
        "L004",
        "L005",
        "L006",
        "L007",
        "L008",
        "L009",
        "L010",
        "L011",
        "L012",
        "L013",
        "L014",
        "L015",
        "L016",
        "L017",
        "L018",
        "L019",
        "L020",
        "L021",
        "L022",
        "L023",
        "L024",
        "L025",
        "L026",
        "L027",
        "L028",
        "L029",
        "L030",
        "L031",
        "L032",
        "L033",
        "L034",
        "L035",
        "L036",
        "L037",
        "L038",
        "L039",
        "L040",
        "L041",
        "L042",
        "L043",
        "L044",
        "L045",
        "L046",
        "L047",
        "L048",
        "R_CAST-01",
        "R_CAST-02",
        "R_CAST-03",
        "R_CAST-05",
        "R_CAST-07",
        "R_CAST-09",
        "R_CAST-11",
        "R_CAST-12",
        "R_CAST-15",
        "R_CAST-17",
        "R_CAST-19",
        "R_CAST-20",
        "R_CAST-23",
        "R_CAST-25",
        "R_CAST-27",
        "R_CAST-RB001",
        "R_CAST-RB002"
      ],
      "status": "UNKNOWN",
      "build_seconds": 2.0994592999995803,
      "solve_seconds": 6.457848800000001
    },
    {
      "neighbourhood": "stage",
      "released_runs": [
        "L001",
        "L002",
        "L003",
        "L004",
        "L005",
        "L006",
        "L007",
        "L008",
        "L009",
        "L010",
        "L011",
        "L012",
        "L013",
        "L014",
        "L015",
        "L016",
        "L017",
        "L018",
        "L019",
        "L020",
        "L021",
        "L022",
        "L023",
        "L024",
        "L025",
        "L026",
        "L027",
        "L028",
        "L029",
        "L030",
        "L031",
        "L032",
        "L033",
        "L034",
        "L035",
        "L036",
        "L037",
        "L038",
        "L039",
        "L040",
        "L041",
        "L042",
        "L043",
        "L044",
        "L045",
        "L046",
        "L047",
        "L048",
        "RL001",
        "RL002",
        "RL003"
      ],
      "status": "UNKNOWN",
      "build_seconds": 2.124907899999016,
      "solve_seconds": 7.828781800000001
    },
    {
      "neighbourhood": "random",
      "released_runs": [
        "F_CAST-01",
        "F_CAST-05",
        "F_CAST-06",
        "F_CAST-08",
        "F_CAST-09",
        "F_CAST-15",
        "F_CAST-17",
        "F_CAST-29",
        "F_CAST-30",
        "F_CAST-RL003-2",
        "F_HEAT-01",
        "F_HEAT-04",
        "F_HEAT-06",
        "F_HEAT-07",
        "F_HEAT-19",
        "F_MACH-07",
        "F_MACH-08",
        "F_MACH-RL003-1",
        "F_MACH-RL003-2",
        "F_SILVER_PAINT-03",
        "F_SILVER_PAINT-06",
        "F_SILVER_PAINT-09",
        "L005",
        "L010",
        "L013",
        "L021",
        "L026",
        "L031",
        "L032",
        "L034",
        "L035",
        "L039",
        "L048",
        "R_BLACK_PAINT-04",
        "R_CAST-02",
        "R_CAST-12",
        "R_CAST-19",
        "R_CAST-21",
        "R_CAST-22",
        "R_CAST-27",
        "R_CAST-28",
        "R_HEAT-01",
        "R_HEAT-03",
        "R_HEAT-06",
        "R_HEAT-10",
        "R_HEAT-17",
        "R_MACH-02",
        "R_MACH-11",
        "R_MACH-21",
        "R_SILVER_PAINT-01",
        "R_SILVER_PAINT-08",
        "R_SILVER_PAINT-10"
      ],
      "status": "UNKNOWN",
      "build_seconds": 2.4130963000006886,
      "solve_seconds": 3.6739927000000003
    }
  ],
  "bound": null,
  "bound_scope": "none; neighborhood bounds are not global",
  "initial_hint_objective": 399675107117,
  "hint_source": "FIFO + d\u1ed3n ca",
  "workers": 1
}