{
  "status": "HEURISTIC_FEASIBLE",
  "history": [
    {
      "seconds": 0.0028972000000067055,
      "objective": 200017904,
      "evaluations": 1
    },
    {
      "seconds": 0.01066980000177864,
      "objective": 160016446,
      "evaluations": 3
    },
    {
      "seconds": 0.014261800002714153,
      "objective": 160016164,
      "evaluations": 4
    },
    {
      "seconds": 0.04743140000209678,
      "objective": 120026348,
      "evaluations": 12
    },
    {
      "seconds": 0.09981820000393782,
      "objective": 80022938,
      "evaluations": 26
    },
    {
      "seconds": 0.12892740000097547,
      "objective": 80021689,
      "evaluations": 32
    },
    {
      "seconds": 0.1708483000038541,
      "objective": 80018588,
      "evaluations": 41
    },
    {
      "seconds": 0.4171563000054448,
      "objective": 80018309,
      "evaluations": 82
    },
    {
      "seconds": 0.4354808000061894,
      "objective": 80018085,
      "evaluations": 85
    },
    {
      "seconds": 0.5175545000020065,
      "objective": 80016861,
      "evaluations": 100
    },
    {
      "seconds": 1.2912168000038946,
      "objective": 80016811,
      "evaluations": 265
    },
    {
      "seconds": 1.4836964000060107,
      "objective": 80015667,
      "evaluations": 307
    },
    {
      "seconds": 1.5814907000021776,
      "objective": 80015631,
      "evaluations": 329
    },
    {
      "seconds": 1.837380299999495,
      "objective": 80015433,
      "evaluations": 384
    },
    {
      "seconds": 1.9478633000035188,
      "objective": 80015395,
      "evaluations": 408
    },
    {
      "seconds": 2.096129600002314,
      "objective": 80015173,
      "evaluations": 440
    },
    {
      "seconds": 15.564751300000353,
      "objective": 40019677,
      "evaluations": 3068
    },
    {
      "seconds": 15.845750600004976,
      "objective": 40019665,
      "evaluations": 3126
    },
    {
      "seconds": 16.26428560000204,
      "objective": 40018225,
      "evaluations": 3213
    },
    {
      "seconds": 16.863209000002826,
      "objective": 40017857,
      "evaluations": 3333
    },
    {
      "seconds": 18.82248790000449,
      "objective": 40017701,
      "evaluations": 3733
    },
    {
      "seconds": 18.886578100005863,
      "objective": 40017523,
      "evaluations": 3746
    },
    {
      "seconds": 20.006747200000973,
      "objective": 40017463,
      "evaluations": 3967
    },
    {
      "seconds": 25.85560130000522,
      "objective": 40015843,
      "source": "compact"
    }
  ],
  "evaluations": 5060,
  "bound": null,
  "genes": {
    "delay_max": 960,
    "options": [
      "RB001",
      "RL001",
      "RL002"
    ]
  },
  "generations": 421,
  "population_size": 14,
  "elite": 2,
  "selection": "tournament_3",
  "crossover": "uniform_random_keys"
}