{
  "status": "HEURISTIC_FEASIBLE",
  "history": [
    {
      "seconds": 6.240700399999696,
      "objective": 323465103544,
      "source": "EDD + d\u1ed3n ca"
    },
    {
      "seconds": 16.44062909999957,
      "objective": 323465103256,
      "iteration": 1,
      "neighbourhood": "time"
    }
  ],
  "iterations": [
    {
      "neighbourhood": "time",
      "released_runs": [
        "L019"
      ],
      "status": "FEASIBLE",
      "build_seconds": 2.0954818000009254,
      "solve_seconds": 7.910347600000001
    },
    {
      "neighbourhood": "machine",
      "released_runs": [
        "F_HEAT-02",
        "F_HEAT-04",
        "F_HEAT-06",
        "F_HEAT-08",
        "F_HEAT-10",
        "F_HEAT-12",
        "F_HEAT-14",
        "F_HEAT-16",
        "F_HEAT-18",
        "F_HEAT-20",
        "L001",
        "L002",
        "L003",
        "L004",
        "L005",
        "L006",
        "L007",
        "L008",
        "L009",
        "L010",
        "L011",
        "L012",
        "L013",
        "L014",
        "L015",
        "L016",
        "L017",
        "L018",
        "L019",
        "L020",
        "L021",
        "L022",
        "L023",
        "L024",
        "L025",
        "L026",
        "L027",
        "L028",
        "L029",
        "L030",
        "L031",
        "L032",
        "L033",
        "L034",
        "L035",
        "L036",
        "L037",
        "L038",
        "L039",
        "L040",
        "L041",
        "L042",
        "L043",
        "L044",
        "L045",
        "L046",
        "L047",
        "L048",
        "L049",
        "R_HEAT-01",
        "R_HEAT-03",
        "R_HEAT-05",
        "R_HEAT-07",
        "R_HEAT-09",
        "R_HEAT-11",
        "R_HEAT-13",
        "R_HEAT-15",
        "R_HEAT-17",
        "R_HEAT-19"
      ],
      "status": "UNKNOWN",
      "build_seconds": 2.2772535999974934,
      "solve_seconds": 7.8487824
    },
    {
      "neighbourhood": "stage",
      "released_runs": [
        "L001",
        "L002",
        "L003",
        "L004",
        "L005",
        "L006",
        "L007",
        "L008",
        "L009",
        "L010",
        "L011",
        "L012",
        "L013",
        "L014",
        "L015",
        "L016",
        "L017",
        "L018",
        "L019",
        "L020",
        "L021",
        "L022",
        "L023",
        "L024",
        "L025",
        "L026",
        "L027",
        "L028",
        "L029",
        "L030",
        "L031",
        "L032",
        "L033",
        "L034",
        "L035",
        "L036",
        "L037",
        "L038",
        "L039",
        "L040",
        "L041",
        "L042",
        "L043",
        "L044",
        "L045",
        "L046",
        "L047",
        "L048",
        "L049",
        "RL001",
        "RL002",
        "RL003"
      ],
      "status": "UNKNOWN",
      "build_seconds": 2.1735607000009622,
      "solve_seconds": 7.683244500000001
    },
    {
      "neighbourhood": "random",
      "released_runs": [
        "F_BLACK_PAINT-02",
        "F_BLACK_PAINT-04",
        "F_BLACK_PAINT-06",
        "F_CAST-02",
        "F_CAST-04",
        "F_CAST-08",
        "F_CAST-10",
        "F_CAST-16",
        "F_CAST-17",
        "F_CAST-22",
        "F_CAST-RL003-1",
        "F_HEAT-01",
        "F_HEAT-03",
        "F_HEAT-07",
        "F_HEAT-13",
        "F_HEAT-14",
        "F_HEAT-17",
        "F_HEAT-RL001-1",
        "F_HEAT-RL003-2",
        "F_MACH-06",
        "F_MACH-14",
        "F_MACH-19",
        "F_MACH-20",
        "F_MACH-RL002-2",
        "F_MACH-RL003-1",
        "F_SILVER_PAINT-03",
        "F_SILVER_PAINT-07",
        "F_SILVER_PAINT-11",
        "F_SILVER_PAINT-13",
        "L004",
        "L009",
        "L012",
        "L022",
        "L025",
        "L035",
        "L038",
        "L041",
        "L047",
        "RL003",
        "R_CAST-16",
        "R_CAST-18",
        "R_CAST-20",
        "R_CAST-28",
        "R_HEAT-01",
        "R_HEAT-04",
        "R_HEAT-15",
        "R_HEAT-16",
        "R_HEAT-18",
        "R_MACH-02",
        "R_MACH-07",
        "R_MACH-10",
        "R_MACH-16",
        "R_SILVER_PAINT-02"
      ],
      "status": "FEASIBLE",
      "build_seconds": 2.0893150999982026,
      "solve_seconds": 7.921389400000001
    },
    {
      "neighbourhood": "time",
      "released_runs": [],
      "status": "FEASIBLE",
      "build_seconds": 2.068690300002345,
      "solve_seconds": 7.937124600000001
    },
    {
      "neighbourhood": "machine",
      "released_runs": [
        "F_CAST-01",
        "F_CAST-05",
        "F_CAST-07",
        "F_CAST-08",
        "F_CAST-11",
        "F_CAST-13",
        "F_CAST-14",
        "F_CAST-18",
        "F_CAST-20",
        "F_CAST-22",
        "F_CAST-24",
        "F_CAST-26",
        "F_CAST-28",
        "F_CAST-31",
        "L001",
        "L002",
        "L003",
        "L004",
        "L005",
        "L006",
        "L007",
        "L008",
        "L009",
        "L010",
        "L011",
        "L012",
        "L013",
        "L014",
        "L015",
        "L016",
        "L017",
        "L018",
        "L019",
        "L020",
        "L021",
        "L022",
        "L023",
        "L024",
        "L025",
        "L026",
        "L027",
        "L028",
        "L029",
        "L030",
        "L031",
        "L032",
        "L033",
        "L034",
        "L035",
        "L036",
        "L037",
        "L038",
        "L039",
        "L040",
        "L041",
        "L042",
        "L043",
        "L044",
        "L045",
        "L046",
        "L047",
        "L048",
        "L049",
        "R_CAST-01",
        "R_CAST-02",
        "R_CAST-03",
        "R_CAST-05",
        "R_CAST-07",
        "R_CAST-09",
        "R_CAST-11",
        "R_CAST-12",
        "R_CAST-15",
        "R_CAST-17",
        "R_CAST-19",
        "R_CAST-20",
        "R_CAST-23",
        "R_CAST-25",
        "R_CAST-27",
        "R_CAST-RB001",
        "R_CAST-RB002"
      ],
      "status": "UNKNOWN",
      "build_seconds": 2.082067700001062,
      "solve_seconds": 6.9166718000000005
    },
    {
      "neighbourhood": "stage",
      "released_runs": [
        "L001",
        "L002",
        "L003",
        "L004",
        "L005",
        "L006",
        "L007",
        "L008",
        "L009",
        "L010",
        "L011",
        "L012",
        "L013",
        "L014",
        "L015",
        "L016",
        "L017",
        "L018",
        "L019",
        "L020",
        "L021",
        "L022",
        "L023",
        "L024",
        "L025",
        "L026",
        "L027",
        "L028",
        "L029",
        "L030",
        "L031",
        "L032",
        "L033",
        "L034",
        "L035",
        "L036",
        "L037",
        "L038",
        "L039",
        "L040",
        "L041",
        "L042",
        "L043",
        "L044",
        "L045",
        "L046",
        "L047",
        "L048",
        "L049",
        "RL001",
        "RL002",
        "RL003"
      ],
      "status": "UNKNOWN",
      "build_seconds": 2.080952200001775,
      "solve_seconds": 7.7753952
    },
    {
      "neighbourhood": "random",
      "released_runs": [
        "F_CAST-01",
        "F_CAST-03",
        "F_CAST-04",
        "F_CAST-09",
        "F_CAST-16",
        "F_CAST-19",
        "F_CAST-23",
        "F_CAST-26",
        "F_CAST-27",
        "F_CAST-31",
        "F_CAST-RL001-1",
        "F_CAST-RL003-2",
        "F_HEAT-05",
        "F_HEAT-11",
        "F_HEAT-21",
        "F_MACH-06",
        "F_MACH-09",
        "F_MACH-11",
        "F_MACH-16",
        "F_MACH-21",
        "F_MACH-26",
        "F_MACH-RL002-1",
        "F_MACH-RL003-1",
        "F_SILVER_PAINT-05",
        "F_SILVER_PAINT-08",
        "L002",
        "L004",
        "L006",
        "L007",
        "L009",
        "L013",
        "L014",
        "L015",
        "L035",
        "L046",
        "R_BLACK_PAINT-01",
        "R_BLACK_PAINT-03",
        "R_CAST-03",
        "R_CAST-04",
        "R_CAST-15",
        "R_CAST-18",
        "R_CAST-20",
        "R_CAST-25",
        "R_CAST-RB002",
        "R_HEAT-06",
        "R_HEAT-07",
        "R_HEAT-19",
        "R_MACH-05",
        "R_MACH-18",
        "R_MACH-19",
        "R_MACH-23",
        "R_SILVER_PAINT-01",
        "R_SILVER_PAINT-08"
      ],
      "status": "UNKNOWN",
      "build_seconds": 2.098406299999624,
      "solve_seconds": 7.640865000000001
    },
    {
      "neighbourhood": "time",
      "released_runs": [
        "F_BLACK_PAINT-01",
        "F_BLACK_PAINT-02",
        "F_HEAT-15",
        "F_HEAT-16",
        "F_HEAT-17",
        "F_HEAT-18",
        "F_MACH-17",
        "F_MACH-18",
        "F_MACH-19",
        "F_MACH-20",
        "F_MACH-21",
        "F_SILVER_PAINT-14",
        "F_SILVER_PAINT-15",
        "R_CAST-26",
        "R_CAST-27",
        "R_CAST-28",
        "R_CAST-RB001",
        "R_CAST-RB002"
      ],
      "status": "UNKNOWN",
      "build_seconds": 2.1113714999992226,
      "solve_seconds": 6.8828458
    },
    {
      "neighbourhood": "machine",
      "released_runs": [
        "F_BLACK_PAINT-01",
        "F_BLACK_PAINT-02",
        "F_BLACK_PAINT-03",
        "F_BLACK_PAINT-04",
        "F_BLACK_PAINT-05",
        "F_BLACK_PAINT-06",
        "F_BLACK_PAINT-07",
        "F_CAST-02",
        "F_CAST-03",
        "F_CAST-04",
        "F_CAST-06",
        "F_CAST-09",
        "F_CAST-10",
        "F_CAST-12",
        "F_CAST-15",
        "F_CAST-16",
        "F_CAST-17",
        "F_CAST-19",
        "F_CAST-21",
        "F_CAST-23",
        "F_CAST-25",
        "F_CAST-27",
        "F_CAST-29",
        "F_CAST-30",
        "F_SILVER_PAINT-01",
        "F_SILVER_PAINT-02",
        "F_SILVER_PAINT-03",
        "F_SILVER_PAINT-04",
        "F_SILVER_PAINT-05",
        "F_SILVER_PAINT-06",
        "F_SILVER_PAINT-07",
        "F_SILVER_PAINT-08",
        "F_SILVER_PAINT-09",
        "F_SILVER_PAINT-10",
        "F_SILVER_PAINT-11",
        "F_SILVER_PAINT-12",
        "F_SILVER_PAINT-13",
        "F_SILVER_PAINT-14",
        "F_SILVER_PAINT-15",
        "R_BLACK_PAINT-01",
        "R_BLACK_PAINT-02",
        "R_BLACK_PAINT-03",
        "R_BLACK_PAINT-04",
        "R_BLACK_PAINT-05",
        "R_BLACK_PAINT-06",
        "R_BLACK_PAINT-07",
        "R_BLACK_PAINT-08",
        "R_CAST-04",
        "R_CAST-06",
        "R_CAST-08",
        "R_CAST-10",
        "R_CAST-13",
        "R_CAST-14",
        "R_CAST-16",
        "R_CAST-18",
        "R_CAST-21",
        "R_CAST-22",
        "R_CAST-24",
        "R_CAST-26",
        "R_CAST-28",
        "R_SILVER_PAINT-01",
        "R_SILVER_PAINT-02",
        "R_SILVER_PAINT-03",
        "R_SILVER_PAINT-04",
        "R_SILVER_PAINT-05",
        "R_SILVER_PAINT-06",
        "R_SILVER_PAINT-07",
        "R_SILVER_PAINT-08",
        "R_SILVER_PAINT-09",
        "R_SILVER_PAINT-10",
        "R_SILVER_PAINT-11"
      ],
      "status": "UNKNOWN",
      "build_seconds": 2.115837699999247,
      "solve_seconds": 6.353310400000001
    },
    {
      "neighbourhood": "stage",
      "released_runs": [
        "F_CAST-01",
        "F_CAST-02",
        "F_CAST-03",
        "F_CAST-04",
        "F_CAST-05",
        "F_CAST-06",
        "F_CAST-07",
        "F_CAST-08",
        "F_CAST-09",
        "F_CAST-10",
        "F_CAST-11",
        "F_CAST-12",
        "F_CAST-13",
        "F_CAST-14",
        "F_CAST-15",
        "F_CAST-16",
        "F_CAST-17",
        "F_CAST-18",
        "F_CAST-19",
        "F_CAST-20",
        "F_CAST-21",
        "F_CAST-22",
        "F_CAST-23",
        "F_CAST-24",
        "F_CAST-25",
        "F_CAST-26",
        "F_CAST-27",
        "F_CAST-28",
        "F_CAST-29",
        "F_CAST-30",
        "F_CAST-31",
        "F_CAST-RL001-1",
        "F_CAST-RL001-2",
        "F_CAST-RL001-3",
        "F_CAST-RL002-1",
        "F_CAST-RL002-2",
        "F_CAST-RL002-3",
        "F_CAST-RL003-1",
        "F_CAST-RL003-2",
        "F_CAST-RL003-3",
        "R_CAST-01",
        "R_CAST-02",
        "R_CAST-03",
        "R_CAST-04",
        "R_CAST-05",
        "R_CAST-06",
        "R_CAST-07",
        "R_CAST-08",
        "R_CAST-09",
        "R_CAST-10",
        "R_CAST-11",
        "R_CAST-12",
        "R_CAST-13",
        "R_CAST-14",
        "R_CAST-15",
        "R_CAST-16",
        "R_CAST-17",
        "R_CAST-18",
        "R_CAST-19",
        "R_CAST-20",
        "R_CAST-21",
        "R_CAST-22",
        "R_CAST-23",
        "R_CAST-24",
        "R_CAST-25",
        "R_CAST-26",
        "R_CAST-27",
        "R_CAST-28",
        "R_CAST-RB001",
        "R_CAST-RB002"
      ],
      "status": "UNKNOWN",
      "build_seconds": 2.1207310000027064,
      "solve_seconds": 5.1188124
    },
    {
      "neighbourhood": "random",
      "released_runs": [
        "F_BLACK_PAINT-01",
        "F_BLACK_PAINT-04",
        "F_BLACK_PAINT-06",
        "F_BLACK_PAINT-07",
        "F_CAST-04",
        "F_CAST-05",
        "F_CAST-11",
        "F_CAST-19",
        "F_CAST-20",
        "F_CAST-22",
        "F_CAST-24",
        "F_HEAT-04",
        "F_HEAT-05",
        "F_HEAT-16",
        "F_HEAT-17",
        "F_HEAT-21",
        "F_HEAT-RL002-1",
        "F_MACH-09",
        "F_MACH-11",
        "F_MACH-18",
        "F_MACH-25",
        "F_MACH-RL003-2",
        "F_SILVER_PAINT-03",
        "F_SILVER_PAINT-04",
        "F_SILVER_PAINT-05",
        "F_SILVER_PAINT-06",
        "F_SILVER_PAINT-12",
        "L011",
        "L019",
        "L022",
        "L023",
        "L031",
        "L036",
        "R_CAST-02",
        "R_CAST-04",
        "R_CAST-09",
        "R_CAST-10",
        "R_CAST-16",
        "R_CAST-18",
        "R_CAST-20",
        "R_CAST-21",
        "R_CAST-23",
        "R_CAST-28",
        "R_HEAT-15",
        "R_HEAT-16",
        "R_HEAT-19",
        "R_MACH-07",
        "R_MACH-13",
        "R_MACH-16",
        "R_MACH-22",
        "R_MACH-24",
        "R_SILVER_PAINT-06",
        "R_SILVER_PAINT-10"
      ],
      "status": "UNKNOWN",
      "build_seconds": 2.087654400002066,
      "solve_seconds": 7.1961399
    }
  ],
  "bound": null,
  "bound_scope": "none; neighborhood bounds are not global",
  "initial_hint_objective": 323465103544,
  "hint_source": "EDD + d\u1ed3n ca",
  "workers": 1,
  "patience_seconds": null,
  "stop_reason": "budget"
}