{
  "status": "HEURISTIC_FEASIBLE",
  "history": [
    {
      "seconds": 0.00319139999919571,
      "objective": 200017904,
      "evaluations": 1
    },
    {
      "seconds": 0.010966900001221802,
      "objective": 160016446,
      "evaluations": 3
    },
    {
      "seconds": 0.014489100001810584,
      "objective": 160016164,
      "evaluations": 4
    },
    {
      "seconds": 0.04741639999701874,
      "objective": 120026348,
      "evaluations": 12
    },
    {
      "seconds": 0.09990210000250954,
      "objective": 80022938,
      "evaluations": 26
    },
    {
      "seconds": 0.12905419999879086,
      "objective": 80021689,
      "evaluations": 32
    },
    {
      "seconds": 0.17054400000051828,
      "objective": 80018588,
      "evaluations": 41
    },
    {
      "seconds": 0.42017869999835966,
      "objective": 80018309,
      "evaluations": 82
    },
    {
      "seconds": 0.4382294000024558,
      "objective": 80018085,
      "evaluations": 85
    },
    {
      "seconds": 0.5212747999976273,
      "objective": 80016861,
      "evaluations": 100
    },
    {
      "seconds": 1.292705300002126,
      "objective": 80016811,
      "evaluations": 265
    },
    {
      "seconds": 1.481891399998858,
      "objective": 80015667,
      "evaluations": 307
    },
    {
      "seconds": 1.5808500999992248,
      "objective": 80015631,
      "evaluations": 329
    },
    {
      "seconds": 1.8387405999965267,
      "objective": 80015433,
      "evaluations": 384
    },
    {
      "seconds": 1.9511044999962905,
      "objective": 80015395,
      "evaluations": 408
    },
    {
      "seconds": 2.101313699997263,
      "objective": 80015173,
      "evaluations": 440
    },
    {
      "seconds": 15.297689500002889,
      "objective": 40019677,
      "evaluations": 3068
    },
    {
      "seconds": 15.58384130000195,
      "objective": 40019665,
      "evaluations": 3126
    },
    {
      "seconds": 16.008525700002792,
      "objective": 40018225,
      "evaluations": 3213
    },
    {
      "seconds": 16.628086999997322,
      "objective": 40017857,
      "evaluations": 3333
    },
    {
      "seconds": 18.60902509999869,
      "objective": 40017701,
      "evaluations": 3733
    },
    {
      "seconds": 18.67365509999945,
      "objective": 40017523,
      "evaluations": 3746
    },
    {
      "seconds": 19.747050999998464,
      "objective": 40017463,
      "evaluations": 3967
    },
    {
      "seconds": 25.856023400003323,
      "objective": 40015843,
      "source": "compact"
    }
  ],
  "evaluations": 5134,
  "bound": null,
  "genes": {
    "delay_max": 960,
    "options": [
      "RB001",
      "RL001",
      "RL002"
    ]
  },
  "generations": 427,
  "population_size": 14,
  "elite": 2,
  "selection": "tournament_3",
  "crossover": "uniform_random_keys"
}