{
  "status": "HEURISTIC_FEASIBLE",
  "history": [
    {
      "seconds": 16.15349790000073,
      "objective": 160017981
    }
  ],
  "bound": null,
  "bound_scope": "none; windows are solved separately",
  "windows": [
    {
      "start": 0,
      "cutoff": 5760,
      "runs": 42,
      "status": "FEASIBLE",
      "seconds": 15.02,
      "build_seconds": 0.21,
      "committed": 29
    },
    {
      "start": 2880,
      "cutoff": null,
      "runs": 13,
      "status": "OPTIMAL",
      "seconds": 1.13,
      "build_seconds": 0.03,
      "committed": 7
    }
  ],
  "workers": 1,
  "step_days": 2,
  "lookahead_days": 4,
  "max_runs": 60,
  "reserve_days": 4
}