{
  "status": "HEURISTIC_FEASIBLE",
  "history": [
    {
      "seconds": 0.0030017000026418827,
      "objective": 17574,
      "evaluations": 1
    },
    {
      "seconds": 0.0059374000047682784,
      "objective": 17498,
      "evaluations": 2
    },
    {
      "seconds": 0.008691700000781566,
      "objective": 16154,
      "evaluations": 3
    },
    {
      "seconds": 0.014459700003499165,
      "objective": 14594,
      "evaluations": 5
    },
    {
      "seconds": 0.09809600000153296,
      "objective": 14586,
      "evaluations": 32
    },
    {
      "seconds": 0.1363398000030429,
      "objective": 14554,
      "evaluations": 41
    },
    {
      "seconds": 0.1636900000012247,
      "objective": 14490,
      "evaluations": 49
    },
    {
      "seconds": 0.3647698000058881,
      "objective": 14480,
      "evaluations": 119
    },
    {
      "seconds": 0.669978900004935,
      "objective": 14420,
      "evaluations": 228
    },
    {
      "seconds": 2.9200339000017266,
      "objective": 14390,
      "evaluations": 1003
    },
    {
      "seconds": 3.575770700001158,
      "objective": 14344,
      "evaluations": 1231
    },
    {
      "seconds": 3.62524790000316,
      "objective": 14340,
      "evaluations": 1249
    }
  ],
  "evaluations": 10384,
  "bound": null,
  "generations": 865,
  "population_size": 14,
  "elite": 2,
  "selection": "tournament_3",
  "crossover": "uniform_random_keys"
}