{
  "status": "HEURISTIC_FEASIBLE",
  "history": [
    {
      "seconds": 0.0029091000033076853,
      "objective": 200017904,
      "evaluations": 1
    },
    {
      "seconds": 0.01561490000312915,
      "objective": 160022547,
      "evaluations": 5
    },
    {
      "seconds": 0.02019809999910649,
      "objective": 120024814,
      "evaluations": 6
    },
    {
      "seconds": 0.024815700002363883,
      "objective": 120024796,
      "evaluations": 7
    },
    {
      "seconds": 0.035732399999687914,
      "objective": 120023282,
      "evaluations": 9
    },
    {
      "seconds": 0.049803900001279544,
      "objective": 80023352,
      "evaluations": 12
    },
    {
      "seconds": 0.16174960000353167,
      "objective": 80023338,
      "evaluations": 36
    },
    {
      "seconds": 0.16638239999883808,
      "objective": 80023278,
      "evaluations": 37
    },
    {
      "seconds": 0.17612280000321334,
      "objective": 80018373,
      "evaluations": 39
    },
    {
      "seconds": 0.23809199999959674,
      "objective": 40020636,
      "evaluations": 52
    },
    {
      "seconds": 0.3774808000016492,
      "objective": 40020576,
      "evaluations": 82
    },
    {
      "seconds": 0.5141103999994812,
      "objective": 40020486,
      "evaluations": 111
    },
    {
      "seconds": 3.3376524000050267,
      "objective": 40020467,
      "evaluations": 625
    },
    {
      "seconds": 3.4620972000047914,
      "objective": 40019626,
      "evaluations": 647
    },
    {
      "seconds": 3.6294756999996025,
      "objective": 40019566,
      "evaluations": 675
    },
    {
      "seconds": 4.757905800004664,
      "objective": 40019546,
      "evaluations": 859
    },
    {
      "seconds": 5.386194800004887,
      "objective": 40019506,
      "evaluations": 963
    },
    {
      "seconds": 5.481760200003919,
      "objective": 40019450,
      "evaluations": 978
    },
    {
      "seconds": 5.589856000005966,
      "objective": 40019446,
      "evaluations": 995
    },
    {
      "seconds": 6.976543200005835,
      "objective": 40019422,
      "evaluations": 1221
    },
    {
      "seconds": 7.618090800002392,
      "objective": 40019410,
      "evaluations": 1324
    },
    {
      "seconds": 11.06005720000394,
      "objective": 40019360,
      "evaluations": 1865
    },
    {
      "seconds": 11.208977700000105,
      "objective": 40019336,
      "evaluations": 1888
    },
    {
      "seconds": 11.26183320000564,
      "objective": 40019305,
      "evaluations": 1896
    },
    {
      "seconds": 11.296465999999782,
      "objective": 40019301,
      "evaluations": 1901
    },
    {
      "seconds": 11.317309500002011,
      "objective": 40019245,
      "evaluations": 1904
    },
    {
      "seconds": 11.463046000004397,
      "objective": 40019144,
      "evaluations": 1926
    },
    {
      "seconds": 11.565565299999435,
      "objective": 40019108,
      "evaluations": 1940
    },
    {
      "seconds": 11.800783999999112,
      "objective": 40017882,
      "evaluations": 1976
    },
    {
      "seconds": 11.873862100001134,
      "objective": 40017708,
      "evaluations": 1987
    },
    {
      "seconds": 12.272702900001605,
      "objective": 40017655,
      "evaluations": 2042
    },
    {
      "seconds": 12.475669500003278,
      "objective": 40017652,
      "evaluations": 2075
    },
    {
      "seconds": 12.505243899999186,
      "objective": 40017566,
      "evaluations": 2080
    },
    {
      "seconds": 13.105661699999473,
      "objective": 40017508,
      "evaluations": 2170
    },
    {
      "seconds": 13.946982000001299,
      "objective": 40017493,
      "evaluations": 2303
    },
    {
      "seconds": 14.186964600005012,
      "objective": 40017489,
      "evaluations": 2341
    },
    {
      "seconds": 14.477922500002023,
      "objective": 40017465,
      "evaluations": 2387
    },
    {
      "seconds": 16.492290900001535,
      "objective": 40017422,
      "evaluations": 2703
    },
    {
      "seconds": 18.014568000005966,
      "objective": 40017417,
      "evaluations": 2941
    },
    {
      "seconds": 18.22149690000515,
      "objective": 40017410,
      "evaluations": 2974
    },
    {
      "seconds": 25.80670739999914,
      "objective": 40014510,
      "source": "compact"
    }
  ],
  "evaluations": 4114,
  "bound": null,
  "genes": {
    "delay_max": 960,
    "options": [
      "RB001",
      "RL001",
      "RL002"
    ]
  },
  "iterations": 4113,
  "accepted_moves": 1849,
  "initial_temperature_fraction": 0.04
}