{
  "status": "HEURISTIC_FEASIBLE",
  "history": [
    {
      "seconds": 6.60078010000052,
      "objective": 384975099151,
      "source": "FIFO + d\u1ed3n ca"
    },
    {
      "seconds": 16.795901600000434,
      "objective": 384975098863,
      "iteration": 1,
      "neighbourhood": "time"
    },
    {
      "seconds": 27.00369210000008,
      "objective": 384975098803,
      "iteration": 2,
      "neighbourhood": "machine"
    }
  ],
  "iterations": [
    {
      "neighbourhood": "time",
      "released_runs": [
        "L038",
        "L039",
        "R_MACH-24",
        "R_SILVER_PAINT-11"
      ],
      "status": "FEASIBLE",
      "build_seconds": 1.9560435000003054,
      "solve_seconds": 8.049471200000001
    },
    {
      "neighbourhood": "machine",
      "released_runs": [
        "F_BLACK_PAINT-01",
        "F_BLACK_PAINT-02",
        "F_BLACK_PAINT-03",
        "F_BLACK_PAINT-04",
        "F_BLACK_PAINT-05",
        "F_BLACK_PAINT-06",
        "F_BLACK_PAINT-07",
        "F_MACH-01",
        "F_MACH-03",
        "F_MACH-05",
        "F_MACH-07",
        "F_MACH-08",
        "F_MACH-10",
        "F_MACH-12",
        "F_MACH-13",
        "F_MACH-15",
        "F_MACH-17",
        "F_MACH-19",
        "F_MACH-20",
        "F_MACH-22",
        "F_MACH-24",
        "F_MACH-25",
        "F_MACH-27",
        "F_SILVER_PAINT-01",
        "F_SILVER_PAINT-02",
        "F_SILVER_PAINT-03",
        "F_SILVER_PAINT-04",
        "F_SILVER_PAINT-05",
        "F_SILVER_PAINT-06",
        "F_SILVER_PAINT-07",
        "F_SILVER_PAINT-08",
        "F_SILVER_PAINT-09",
        "F_SILVER_PAINT-10",
        "F_SILVER_PAINT-11",
        "F_SILVER_PAINT-12",
        "F_SILVER_PAINT-13",
        "F_SILVER_PAINT-14",
        "F_SILVER_PAINT-15",
        "R_BLACK_PAINT-01",
        "R_BLACK_PAINT-02",
        "R_BLACK_PAINT-03",
        "R_BLACK_PAINT-04",
        "R_BLACK_PAINT-05",
        "R_BLACK_PAINT-06",
        "R_BLACK_PAINT-07",
        "R_BLACK_PAINT-08",
        "R_MACH-01",
        "R_MACH-03",
        "R_MACH-05",
        "R_MACH-07",
        "R_MACH-08",
        "R_MACH-10",
        "R_MACH-12",
        "R_MACH-13",
        "R_MACH-15",
        "R_MACH-17",
        "R_MACH-19",
        "R_MACH-21",
        "R_MACH-22",
        "R_MACH-24",
        "R_SILVER_PAINT-01",
        "R_SILVER_PAINT-02",
        "R_SILVER_PAINT-03",
        "R_SILVER_PAINT-04",
        "R_SILVER_PAINT-05",
        "R_SILVER_PAINT-06",
        "R_SILVER_PAINT-07",
        "R_SILVER_PAINT-08",
        "R_SILVER_PAINT-09",
        "R_SILVER_PAINT-10",
        "R_SILVER_PAINT-11"
      ],
      "status": "FEASIBLE",
      "build_seconds": 1.971315499999946,
      "solve_seconds": 8.0344719
    },
    {
      "neighbourhood": "stage",
      "released_runs": [
        "F_BLACK_PAINT-01",
        "F_BLACK_PAINT-02",
        "F_BLACK_PAINT-03",
        "F_BLACK_PAINT-04",
        "F_BLACK_PAINT-05",
        "F_BLACK_PAINT-06",
        "F_BLACK_PAINT-07",
        "F_BLACK_PAINT-RL003-1",
        "F_SILVER_PAINT-01",
        "F_SILVER_PAINT-02",
        "F_SILVER_PAINT-03",
        "F_SILVER_PAINT-04",
        "F_SILVER_PAINT-05",
        "F_SILVER_PAINT-06",
        "F_SILVER_PAINT-07",
        "F_SILVER_PAINT-08",
        "F_SILVER_PAINT-09",
        "F_SILVER_PAINT-10",
        "F_SILVER_PAINT-11",
        "F_SILVER_PAINT-12",
        "F_SILVER_PAINT-13",
        "F_SILVER_PAINT-14",
        "F_SILVER_PAINT-15",
        "F_SILVER_PAINT-RL002-1",
        "R_BLACK_PAINT-01",
        "R_BLACK_PAINT-02",
        "R_BLACK_PAINT-03",
        "R_BLACK_PAINT-04",
        "R_BLACK_PAINT-05",
        "R_BLACK_PAINT-06",
        "R_BLACK_PAINT-07",
        "R_BLACK_PAINT-08",
        "R_SILVER_PAINT-01",
        "R_SILVER_PAINT-02",
        "R_SILVER_PAINT-03",
        "R_SILVER_PAINT-04",
        "R_SILVER_PAINT-05",
        "R_SILVER_PAINT-06",
        "R_SILVER_PAINT-07",
        "R_SILVER_PAINT-08",
        "R_SILVER_PAINT-09",
        "R_SILVER_PAINT-10",
        "R_SILVER_PAINT-11"
      ],
      "status": "FEASIBLE",
      "build_seconds": 2.0130459000001792,
      "solve_seconds": 7.993472400000001
    },
    {
      "neighbourhood": "random",
      "released_runs": [
        "F_BLACK_PAINT-04",
        "F_CAST-01",
        "F_CAST-03",
        "F_CAST-07",
        "F_CAST-09",
        "F_CAST-10",
        "F_CAST-21",
        "F_CAST-26",
        "F_CAST-27",
        "F_CAST-RL002-2",
        "F_HEAT-02",
        "F_HEAT-03",
        "F_HEAT-09",
        "F_MACH-09",
        "F_MACH-11",
        "F_MACH-15",
        "F_MACH-25",
        "F_MACH-RL002-1",
        "F_SILVER_PAINT-12",
        "L005",
        "L007",
        "L010",
        "L011",
        "L012",
        "L013",
        "L018",
        "L038",
        "L040",
        "L044",
        "R_BLACK_PAINT-04",
        "R_BLACK_PAINT-05",
        "R_CAST-02",
        "R_CAST-20",
        "R_CAST-28",
        "R_CAST-RB001",
        "R_HEAT-01",
        "R_HEAT-06",
        "R_HEAT-08",
        "R_HEAT-11",
        "R_HEAT-12",
        "R_HEAT-13",
        "R_HEAT-16",
        "R_MACH-06",
        "R_MACH-08",
        "R_MACH-14",
        "R_MACH-17",
        "R_MACH-18",
        "R_MACH-20",
        "R_MACH-22",
        "R_SILVER_PAINT-04",
        "R_SILVER_PAINT-06",
        "R_SILVER_PAINT-07"
      ],
      "status": "FEASIBLE",
      "build_seconds": 1.9856801000005362,
      "solve_seconds": 8.0333547
    },
    {
      "neighbourhood": "time",
      "released_runs": [],
      "status": "FEASIBLE",
      "build_seconds": 2.0085389000005307,
      "solve_seconds": 7.9970255
    },
    {
      "neighbourhood": "machine",
      "released_runs": [
        "F_CAST-01",
        "F_CAST-05",
        "F_CAST-07",
        "F_CAST-08",
        "F_CAST-11",
        "F_CAST-13",
        "F_CAST-14",
        "F_CAST-18",
        "F_CAST-20",
        "F_CAST-22",
        "F_CAST-24",
        "F_CAST-26",
        "F_CAST-28",
        "F_CAST-31",
        "F_MACH-01",
        "F_MACH-03",
        "F_MACH-05",
        "F_MACH-07",
        "F_MACH-08",
        "F_MACH-10",
        "F_MACH-12",
        "F_MACH-13",
        "F_MACH-15",
        "F_MACH-17",
        "F_MACH-19",
        "F_MACH-20",
        "F_MACH-22",
        "F_MACH-24",
        "F_MACH-25",
        "F_MACH-27",
        "R_CAST-01",
        "R_CAST-02",
        "R_CAST-03",
        "R_CAST-05",
        "R_CAST-07",
        "R_CAST-09",
        "R_CAST-11",
        "R_CAST-12",
        "R_CAST-15",
        "R_CAST-17",
        "R_CAST-19",
        "R_CAST-20",
        "R_CAST-23",
        "R_CAST-25",
        "R_CAST-27",
        "R_CAST-RB001",
        "R_CAST-RB002",
        "R_MACH-01",
        "R_MACH-03",
        "R_MACH-05",
        "R_MACH-07",
        "R_MACH-08",
        "R_MACH-10",
        "R_MACH-13",
        "R_MACH-15",
        "R_MACH-17",
        "R_MACH-19",
        "R_MACH-21",
        "R_MACH-22",
        "R_MACH-24"
      ],
      "status": "FEASIBLE",
      "build_seconds": 1.9857240000001184,
      "solve_seconds": 8.0317697
    },
    {
      "neighbourhood": "stage",
      "released_runs": [
        "F_HEAT-01",
        "F_HEAT-02",
        "F_HEAT-03",
        "F_HEAT-04",
        "F_HEAT-05",
        "F_HEAT-06",
        "F_HEAT-07",
        "F_HEAT-08",
        "F_HEAT-09",
        "F_HEAT-10",
        "F_HEAT-11",
        "F_HEAT-12",
        "F_HEAT-13",
        "F_HEAT-14",
        "F_HEAT-15",
        "F_HEAT-16",
        "F_HEAT-17",
        "F_HEAT-18",
        "F_HEAT-19",
        "F_HEAT-20",
        "F_HEAT-21",
        "F_HEAT-RL002-1",
        "F_HEAT-RL002-2",
        "F_HEAT-RL003-1",
        "F_HEAT-RL003-2",
        "R_HEAT-01",
        "R_HEAT-02",
        "R_HEAT-03",
        "R_HEAT-04",
        "R_HEAT-05",
        "R_HEAT-06",
        "R_HEAT-07",
        "R_HEAT-08",
        "R_HEAT-09",
        "R_HEAT-10",
        "R_HEAT-11",
        "R_HEAT-12",
        "R_HEAT-13",
        "R_HEAT-14",
        "R_HEAT-15",
        "R_HEAT-16",
        "R_HEAT-17",
        "R_HEAT-18",
        "R_HEAT-19"
      ],
      "status": "FEASIBLE",
      "build_seconds": 2.031719599999633,
      "solve_seconds": 7.985017300000001
    },
    {
      "neighbourhood": "random",
      "released_runs": [
        "F_BLACK_PAINT-05",
        "F_BLACK_PAINT-06",
        "F_BLACK_PAINT-RL003-1",
        "F_CAST-04",
        "F_CAST-11",
        "F_CAST-20",
        "F_CAST-22",
        "F_CAST-30",
        "F_CAST-RL002-2",
        "F_CAST-RL002-3",
        "F_CAST-RL003-1",
        "F_HEAT-03",
        "F_HEAT-06",
        "F_HEAT-08",
        "F_HEAT-15",
        "F_HEAT-21",
        "F_HEAT-RL002-2",
        "F_MACH-03",
        "F_MACH-13",
        "F_MACH-15",
        "F_MACH-25",
        "F_MACH-26",
        "F_MACH-RL003-1",
        "F_SILVER_PAINT-04",
        "F_SILVER_PAINT-15",
        "F_SILVER_PAINT-RL002-1",
        "L004",
        "L007",
        "L009",
        "L014",
        "L015",
        "L017",
        "L023",
        "L025",
        "L033",
        "L035",
        "L046",
        "RL001",
        "R_BLACK_PAINT-01",
        "R_CAST-08",
        "R_CAST-13",
        "R_CAST-23",
        "R_CAST-26",
        "R_HEAT-11",
        "R_HEAT-12",
        "R_HEAT-18",
        "R_MACH-07",
        "R_MACH-11",
        "R_MACH-15",
        "R_MACH-17",
        "R_MACH-19",
        "R_SILVER_PAINT-07"
      ],
      "status": "FEASIBLE",
      "build_seconds": 2.015130699999645,
      "solve_seconds": 7.991158800000001
    },
    {
      "neighbourhood": "time",
      "released_runs": [
        "L028",
        "L029",
        "L030",
        "R_HEAT-12",
        "R_HEAT-13",
        "R_HEAT-14",
        "R_HEAT-15",
        "R_HEAT-16",
        "R_HEAT-17",
        "R_MACH-15",
        "R_MACH-16",
        "R_SILVER_PAINT-03",
        "R_SILVER_PAINT-04",
        "R_SILVER_PAINT-05"
      ],
      "status": "FEASIBLE",
      "build_seconds": 3.2855218999993667,
      "solve_seconds": 6.719364400000001
    },
    {
      "neighbourhood": "machine",
      "released_runs": [
        "F_BLACK_PAINT-01",
        "F_BLACK_PAINT-02",
        "F_BLACK_PAINT-03",
        "F_BLACK_PAINT-04",
        "F_BLACK_PAINT-05",
        "F_BLACK_PAINT-06",
        "F_BLACK_PAINT-07",
        "F_SILVER_PAINT-01",
        "F_SILVER_PAINT-02",
        "F_SILVER_PAINT-03",
        "F_SILVER_PAINT-04",
        "F_SILVER_PAINT-05",
        "F_SILVER_PAINT-06",
        "F_SILVER_PAINT-07",
        "F_SILVER_PAINT-08",
        "F_SILVER_PAINT-09",
        "F_SILVER_PAINT-10",
        "F_SILVER_PAINT-11",
        "F_SILVER_PAINT-12",
        "F_SILVER_PAINT-13",
        "F_SILVER_PAINT-14",
        "F_SILVER_PAINT-15",
        "L001",
        "L002",
        "L003",
        "L004",
        "L005",
        "L006",
        "L007",
        "L008",
        "L009",
        "L010",
        "L011",
        "L012",
        "L013",
        "L014",
        "L015",
        "L016",
        "L017",
        "L018",
        "L019",
        "L020",
        "L021",
        "L022",
        "L023",
        "L024",
        "L025",
        "L026",
        "L027",
        "L028",
        "L029",
        "L030",
        "L031",
        "L032",
        "L033",
        "L034",
        "L035",
        "L036",
        "L037",
        "L038",
        "L039",
        "L040",
        "L041",
        "L042",
        "L043",
        "L044",
        "L045",
        "L046",
        "L047",
        "L048",
        "R_BLACK_PAINT-01",
        "R_BLACK_PAINT-02",
        "R_BLACK_PAINT-03",
        "R_BLACK_PAINT-04",
        "R_BLACK_PAINT-05",
        "R_BLACK_PAINT-06",
        "R_BLACK_PAINT-07",
        "R_BLACK_PAINT-08",
        "R_SILVER_PAINT-01",
        "R_SILVER_PAINT-02",
        "R_SILVER_PAINT-03",
        "R_SILVER_PAINT-04",
        "R_SILVER_PAINT-05",
        "R_SILVER_PAINT-06",
        "R_SILVER_PAINT-07",
        "R_SILVER_PAINT-08",
        "R_SILVER_PAINT-09",
        "R_SILVER_PAINT-10",
        "R_SILVER_PAINT-11"
      ],
      "status": "UNKNOWN",
      "build_seconds": 1.929917800000112,
      "solve_seconds": 6.271776600000001
    },
    {
      "neighbourhood": "stage",
      "released_runs": [
        "F_BLACK_PAINT-01",
        "F_BLACK_PAINT-02",
        "F_BLACK_PAINT-03",
        "F_BLACK_PAINT-04",
        "F_BLACK_PAINT-05",
        "F_BLACK_PAINT-06",
        "F_BLACK_PAINT-07",
        "F_BLACK_PAINT-RL003-1",
        "F_SILVER_PAINT-01",
        "F_SILVER_PAINT-02",
        "F_SILVER_PAINT-03",
        "F_SILVER_PAINT-04",
        "F_SILVER_PAINT-05",
        "F_SILVER_PAINT-06",
        "F_SILVER_PAINT-07",
        "F_SILVER_PAINT-08",
        "F_SILVER_PAINT-09",
        "F_SILVER_PAINT-10",
        "F_SILVER_PAINT-11",
        "F_SILVER_PAINT-12",
        "F_SILVER_PAINT-13",
        "F_SILVER_PAINT-14",
        "F_SILVER_PAINT-15",
        "F_SILVER_PAINT-RL002-1",
        "R_BLACK_PAINT-01",
        "R_BLACK_PAINT-02",
        "R_BLACK_PAINT-03",
        "R_BLACK_PAINT-04",
        "R_BLACK_PAINT-05",
        "R_BLACK_PAINT-06",
        "R_BLACK_PAINT-07",
        "R_BLACK_PAINT-08",
        "R_SILVER_PAINT-01",
        "R_SILVER_PAINT-02",
        "R_SILVER_PAINT-03",
        "R_SILVER_PAINT-04",
        "R_SILVER_PAINT-05",
        "R_SILVER_PAINT-06",
        "R_SILVER_PAINT-07",
        "R_SILVER_PAINT-08",
        "R_SILVER_PAINT-09",
        "R_SILVER_PAINT-10",
        "R_SILVER_PAINT-11"
      ],
      "status": "FEASIBLE",
      "build_seconds": 1.9737275000006775,
      "solve_seconds": 8.031094300000001
    },
    {
      "neighbourhood": "random",
      "released_runs": [
        "F_BLACK_PAINT-RL003-1",
        "F_CAST-01",
        "F_CAST-06",
        "F_CAST-11",
        "F_CAST-17",
        "F_CAST-18",
        "F_CAST-26",
        "F_CAST-28",
        "F_CAST-RL002-2",
        "F_CAST-RL003-1",
        "F_HEAT-04",
        "F_HEAT-09",
        "F_HEAT-10",
        "F_HEAT-RL003-2",
        "F_MACH-02",
        "F_MACH-08",
        "F_MACH-12",
        "F_MACH-15",
        "F_MACH-22",
        "F_MACH-27",
        "F_MACH-RL002-1",
        "F_SILVER_PAINT-05",
        "F_SILVER_PAINT-11",
        "L007",
        "L010",
        "L017",
        "L022",
        "L023",
        "L031",
        "L045",
        "RL003",
        "R_BLACK_PAINT-06",
        "R_CAST-01",
        "R_CAST-02",
        "R_CAST-04",
        "R_CAST-05",
        "R_CAST-15",
        "R_CAST-16",
        "R_CAST-17",
        "R_CAST-20",
        "R_CAST-21",
        "R_CAST-24",
        "R_HEAT-09",
        "R_HEAT-15",
        "R_MACH-01",
        "R_MACH-05",
        "R_MACH-10",
        "R_MACH-20",
        "R_MACH-22",
        "R_SILVER_PAINT-07",
        "R_SILVER_PAINT-08",
        "R_SILVER_PAINT-10"
      ],
      "status": "UNKNOWN",
      "build_seconds": 1.9735264999999345,
      "solve_seconds": 1.2201432
    }
  ],
  "bound": null,
  "bound_scope": "none; neighborhood bounds are not global",
  "initial_hint_objective": 384975099151,
  "hint_source": "FIFO + d\u1ed3n ca",
  "workers": 1
}