{
  "status": "HEURISTIC_FEASIBLE",
  "history": [
    {
      "seconds": 0.0028336000032140873,
      "objective": 17574,
      "evaluations": 1
    },
    {
      "seconds": 0.008448300002783071,
      "objective": 14588,
      "evaluations": 3
    },
    {
      "seconds": 0.014002300005813595,
      "objective": 14578,
      "evaluations": 5
    },
    {
      "seconds": 0.06948560000455473,
      "objective": 14572,
      "evaluations": 25
    },
    {
      "seconds": 0.08894310000323458,
      "objective": 14536,
      "evaluations": 32
    },
    {
      "seconds": 0.09468710000510328,
      "objective": 14534,
      "evaluations": 34
    },
    {
      "seconds": 0.10845740000513615,
      "objective": 14516,
      "evaluations": 39
    },
    {
      "seconds": 0.11391940000612522,
      "objective": 14474,
      "evaluations": 41
    },
    {
      "seconds": 0.19736650000413647,
      "objective": 14458,
      "evaluations": 71
    },
    {
      "seconds": 0.29323320000548847,
      "objective": 14430,
      "evaluations": 105
    },
    {
      "seconds": 0.38168730000325013,
      "objective": 14420,
      "evaluations": 136
    },
    {
      "seconds": 0.4217228000052273,
      "objective": 14390,
      "evaluations": 150
    },
    {
      "seconds": 0.6838248000058229,
      "objective": 14344,
      "evaluations": 243
    },
    {
      "seconds": 2.4291545000014594,
      "objective": 14340,
      "evaluations": 854
    }
  ],
  "evaluations": 10334,
  "bound": null,
  "generations": 860,
  "population_size": 14,
  "elite": 2,
  "selection": "tournament_3",
  "crossover": "uniform_random_keys"
}