{
  "status": "HEURISTIC_FEASIBLE",
  "history": [
    {
      "seconds": 0.5947594000008394,
      "objective": 323465104894,
      "evaluations": 1
    },
    {
      "seconds": 1.3504711000005045,
      "objective": 256730106968,
      "evaluations": 2
    },
    {
      "seconds": 13.87151509999967,
      "objective": 244430107034,
      "evaluations": 21
    },
    {
      "seconds": 14.536434999999983,
      "objective": 238250114540,
      "evaluations": 22
    },
    {
      "seconds": 15.126832300000387,
      "objective": 208940107853,
      "evaluations": 23
    },
    {
      "seconds": 19.595871100000295,
      "objective": 193010110653,
      "evaluations": 30
    },
    {
      "seconds": 27.070962600000712,
      "objective": 181380110979,
      "evaluations": 41
    },
    {
      "seconds": 46.623024099999384,
      "objective": 170220114778,
      "evaluations": 71
    },
    {
      "seconds": 47.154423699999825,
      "objective": 167825106518,
      "evaluations": 72
    },
    {
      "seconds": 47.88275330000033,
      "objective": 161130114786,
      "evaluations": 73
    },
    {
      "seconds": 50.333790200000294,
      "objective": 161130113322,
      "evaluations": 77
    },
    {
      "seconds": 62.546704399999726,
      "objective": 161130109465,
      "evaluations": 96
    },
    {
      "seconds": 63.234269000000495,
      "objective": 161130108080,
      "evaluations": 97
    },
    {
      "seconds": 65.49429670000063,
      "objective": 153405114836,
      "evaluations": 100
    },
    {
      "seconds": 72.99984810000024,
      "objective": 144810109494,
      "evaluations": 111
    },
    {
      "seconds": 84.92509299999983,
      "objective": 144810106810,
      "evaluations": 129
    },
    {
      "seconds": 86.69520320000083,
      "objective": 141810117490,
      "evaluations": 132
    },
    {
      "seconds": 87.27410349999991,
      "objective": 137085109486,
      "evaluations": 133
    },
    {
      "seconds": 92.55622129999938,
      "objective": 137085107956,
      "evaluations": 142
    },
    {
      "seconds": 95.75168810000105,
      "objective": 125490114896,
      "evaluations": 147
    },
    {
      "seconds": 120.40441140000075,
      "objective": 125490109056,
      "source": "compact"
    }
  ],
  "evaluations": 158,
  "bound": null,
  "genes": {
    "delay_max": 960,
    "options": [
      "RB001",
      "RB002",
      "RL001",
      "RL002",
      "RL003"
    ]
  },
  "generations": 12,
  "population_size": 14,
  "elite": 2,
  "selection": "tournament_3",
  "crossover": "uniform_random_keys"
}