{
  "status": "HEURISTIC_FEASIBLE",
  "history": [
    {
      "seconds": 0.0029763000056846067,
      "objective": 200017904,
      "evaluations": 1
    },
    {
      "seconds": 0.009164700000837911,
      "objective": 80027235,
      "evaluations": 2
    },
    {
      "seconds": 0.017576300000655465,
      "objective": 80019415,
      "evaluations": 4
    },
    {
      "seconds": 0.0316951999993762,
      "objective": 80018171,
      "evaluations": 7
    },
    {
      "seconds": 0.08634950000123354,
      "objective": 40028493,
      "evaluations": 20
    },
    {
      "seconds": 0.42644310000468977,
      "objective": 40028479,
      "evaluations": 85
    },
    {
      "seconds": 0.4576230000020587,
      "objective": 40027099,
      "evaluations": 90
    },
    {
      "seconds": 0.47636010000132956,
      "objective": 40026634,
      "evaluations": 93
    },
    {
      "seconds": 0.6995840000017779,
      "objective": 40023613,
      "evaluations": 130
    },
    {
      "seconds": 0.7350288000016008,
      "objective": 40023473,
      "evaluations": 136
    },
    {
      "seconds": 0.95361600000615,
      "objective": 40023371,
      "evaluations": 177
    },
    {
      "seconds": 1.30250050000177,
      "objective": 40023281,
      "evaluations": 245
    },
    {
      "seconds": 1.537107100004505,
      "objective": 40023249,
      "evaluations": 288
    },
    {
      "seconds": 1.5670623000041815,
      "objective": 40023245,
      "evaluations": 294
    },
    {
      "seconds": 2.0721426000018255,
      "objective": 40021871,
      "evaluations": 390
    },
    {
      "seconds": 2.5539573000060045,
      "objective": 40021781,
      "evaluations": 486
    },
    {
      "seconds": 3.0189591000016662,
      "objective": 40020620,
      "evaluations": 580
    },
    {
      "seconds": 3.0819142000036663,
      "objective": 40020592,
      "evaluations": 592
    },
    {
      "seconds": 4.865560000005644,
      "objective": 40019278,
      "evaluations": 948
    },
    {
      "seconds": 5.2747396000049775,
      "objective": 40019218,
      "evaluations": 1029
    },
    {
      "seconds": 5.461105300004419,
      "objective": 40019214,
      "evaluations": 1066
    },
    {
      "seconds": 5.738442200003192,
      "objective": 40018985,
      "evaluations": 1121
    },
    {
      "seconds": 8.743385300003865,
      "objective": 40018907,
      "evaluations": 1703
    },
    {
      "seconds": 11.848709300000337,
      "objective": 40018847,
      "evaluations": 2265
    },
    {
      "seconds": 12.100262899999507,
      "objective": 40018787,
      "evaluations": 2314
    },
    {
      "seconds": 12.376988300005905,
      "objective": 40018734,
      "evaluations": 2367
    },
    {
      "seconds": 13.174016299999494,
      "objective": 40018674,
      "evaluations": 2521
    },
    {
      "seconds": 16.570079900004202,
      "objective": 40018614,
      "evaluations": 3189
    },
    {
      "seconds": 25.48872670000128,
      "objective": 40018555,
      "evaluations": 4919
    },
    {
      "seconds": 25.721673500003817,
      "objective": 40018465,
      "source": "compact"
    }
  ],
  "evaluations": 4922,
  "bound": null,
  "genes": {
    "delay_max": 960,
    "options": [
      "RB001",
      "RL001",
      "RL002"
    ]
  },
  "generations": 409,
  "population_size": 14,
  "elite": 2,
  "selection": "tournament_3",
  "crossover": "uniform_random_keys"
}