{
  "status": "HEURISTIC_FEASIBLE",
  "history": [
    {
      "seconds": 6.247710999999981,
      "objective": 323465103544,
      "source": "EDD + d\u1ed3n ca"
    }
  ],
  "iterations": [
    {
      "neighbourhood": "time",
      "released_runs": [
        "L044",
        "L045",
        "L046",
        "R_BLACK_PAINT-05",
        "R_BLACK_PAINT-06",
        "R_BLACK_PAINT-07",
        "R_HEAT-16",
        "R_HEAT-17",
        "R_HEAT-18",
        "R_HEAT-19",
        "R_MACH-20",
        "R_MACH-21",
        "R_MACH-22"
      ],
      "status": "FEASIBLE",
      "build_seconds": 2.1362148000007437,
      "solve_seconds": 7.8712097000000005
    },
    {
      "neighbourhood": "machine",
      "released_runs": [
        "F_BLACK_PAINT-01",
        "F_BLACK_PAINT-02",
        "F_BLACK_PAINT-03",
        "F_BLACK_PAINT-04",
        "F_BLACK_PAINT-05",
        "F_BLACK_PAINT-06",
        "F_BLACK_PAINT-07",
        "F_MACH-01",
        "F_MACH-03",
        "F_MACH-05",
        "F_MACH-07",
        "F_MACH-08",
        "F_MACH-10",
        "F_MACH-12",
        "F_MACH-13",
        "F_MACH-15",
        "F_MACH-17",
        "F_MACH-19",
        "F_MACH-20",
        "F_MACH-22",
        "F_MACH-24",
        "F_MACH-25",
        "F_MACH-27",
        "F_SILVER_PAINT-01",
        "F_SILVER_PAINT-02",
        "F_SILVER_PAINT-03",
        "F_SILVER_PAINT-04",
        "F_SILVER_PAINT-05",
        "F_SILVER_PAINT-06",
        "F_SILVER_PAINT-07",
        "F_SILVER_PAINT-08",
        "F_SILVER_PAINT-09",
        "F_SILVER_PAINT-10",
        "F_SILVER_PAINT-11",
        "F_SILVER_PAINT-12",
        "F_SILVER_PAINT-13",
        "F_SILVER_PAINT-14",
        "F_SILVER_PAINT-15",
        "R_BLACK_PAINT-01",
        "R_BLACK_PAINT-02",
        "R_BLACK_PAINT-03",
        "R_BLACK_PAINT-04",
        "R_BLACK_PAINT-05",
        "R_BLACK_PAINT-06",
        "R_BLACK_PAINT-07",
        "R_BLACK_PAINT-08",
        "R_MACH-01",
        "R_MACH-04",
        "R_MACH-06",
        "R_MACH-08",
        "R_MACH-09",
        "R_MACH-11",
        "R_MACH-13",
        "R_MACH-15",
        "R_MACH-16",
        "R_MACH-18",
        "R_MACH-20",
        "R_MACH-21",
        "R_MACH-23",
        "R_SILVER_PAINT-01",
        "R_SILVER_PAINT-02",
        "R_SILVER_PAINT-03",
        "R_SILVER_PAINT-04",
        "R_SILVER_PAINT-05",
        "R_SILVER_PAINT-06",
        "R_SILVER_PAINT-07",
        "R_SILVER_PAINT-08",
        "R_SILVER_PAINT-09",
        "R_SILVER_PAINT-10",
        "R_SILVER_PAINT-11"
      ],
      "status": "UNKNOWN",
      "build_seconds": 2.2303412000001117,
      "solve_seconds": 4.8709255
    },
    {
      "neighbourhood": "stage",
      "released_runs": [
        "F_BLACK_PAINT-01",
        "F_BLACK_PAINT-02",
        "F_BLACK_PAINT-03",
        "F_BLACK_PAINT-04",
        "F_BLACK_PAINT-05",
        "F_BLACK_PAINT-06",
        "F_BLACK_PAINT-07",
        "F_BLACK_PAINT-RL003-1",
        "F_SILVER_PAINT-01",
        "F_SILVER_PAINT-02",
        "F_SILVER_PAINT-03",
        "F_SILVER_PAINT-04",
        "F_SILVER_PAINT-05",
        "F_SILVER_PAINT-06",
        "F_SILVER_PAINT-07",
        "F_SILVER_PAINT-08",
        "F_SILVER_PAINT-09",
        "F_SILVER_PAINT-10",
        "F_SILVER_PAINT-11",
        "F_SILVER_PAINT-12",
        "F_SILVER_PAINT-13",
        "F_SILVER_PAINT-14",
        "F_SILVER_PAINT-15",
        "F_SILVER_PAINT-RL001-1",
        "F_SILVER_PAINT-RL002-1",
        "R_BLACK_PAINT-01",
        "R_BLACK_PAINT-02",
        "R_BLACK_PAINT-03",
        "R_BLACK_PAINT-04",
        "R_BLACK_PAINT-05",
        "R_BLACK_PAINT-06",
        "R_BLACK_PAINT-07",
        "R_BLACK_PAINT-08",
        "R_SILVER_PAINT-01",
        "R_SILVER_PAINT-02",
        "R_SILVER_PAINT-03",
        "R_SILVER_PAINT-04",
        "R_SILVER_PAINT-05",
        "R_SILVER_PAINT-06",
        "R_SILVER_PAINT-07",
        "R_SILVER_PAINT-08",
        "R_SILVER_PAINT-09",
        "R_SILVER_PAINT-10",
        "R_SILVER_PAINT-11"
      ],
      "status": "UNKNOWN",
      "build_seconds": 2.2252979000004416,
      "solve_seconds": 6.6403049
    },
    {
      "neighbourhood": "random",
      "released_runs": [
        "F_BLACK_PAINT-04",
        "F_CAST-01",
        "F_CAST-05",
        "F_CAST-09",
        "F_CAST-10",
        "F_CAST-13",
        "F_CAST-21",
        "F_CAST-25",
        "F_CAST-26",
        "F_HEAT-02",
        "F_HEAT-03",
        "F_HEAT-06",
        "F_HEAT-RL003-2",
        "F_MACH-11",
        "F_MACH-15",
        "F_MACH-RL001-1",
        "F_MACH-RL001-2",
        "F_SILVER_PAINT-05",
        "F_SILVER_PAINT-10",
        "L005",
        "L007",
        "L010",
        "L011",
        "L018",
        "L024",
        "L025",
        "RL002",
        "R_BLACK_PAINT-04",
        "R_BLACK_PAINT-05",
        "R_CAST-02",
        "R_CAST-20",
        "R_CAST-22",
        "R_CAST-28",
        "R_CAST-RB001",
        "R_HEAT-06",
        "R_HEAT-08",
        "R_HEAT-11",
        "R_HEAT-12",
        "R_HEAT-13",
        "R_HEAT-16",
        "R_HEAT-19",
        "R_MACH-05",
        "R_MACH-06",
        "R_MACH-08",
        "R_MACH-10",
        "R_MACH-13",
        "R_MACH-17",
        "R_MACH-18",
        "R_MACH-20",
        "R_MACH-22",
        "R_MACH-23",
        "R_SILVER_PAINT-04",
        "R_SILVER_PAINT-07"
      ],
      "status": "UNKNOWN",
      "build_seconds": 2.677067199998419,
      "solve_seconds": 5.3437012
    },
    {
      "neighbourhood": "time",
      "released_runs": [
        "L013",
        "L014",
        "L015",
        "L016",
        "L026",
        "L035",
        "L036",
        "L037",
        "R_HEAT-08",
        "R_HEAT-09",
        "R_HEAT-10",
        "R_HEAT-11",
        "R_HEAT-12",
        "R_HEAT-13",
        "R_MACH-09",
        "R_MACH-10",
        "R_MACH-11",
        "R_MACH-12",
        "R_SILVER_PAINT-07",
        "R_SILVER_PAINT-08",
        "R_SILVER_PAINT-09",
        "R_SILVER_PAINT-10"
      ],
      "status": "UNKNOWN",
      "build_seconds": 2.4030521999993653,
      "solve_seconds": 6.974682700000001
    },
    {
      "neighbourhood": "machine",
      "released_runs": [
        "F_CAST-02",
        "F_CAST-03",
        "F_CAST-04",
        "F_CAST-06",
        "F_CAST-09",
        "F_CAST-10",
        "F_CAST-12",
        "F_CAST-15",
        "F_CAST-16",
        "F_CAST-17",
        "F_CAST-19",
        "F_CAST-21",
        "F_CAST-23",
        "F_CAST-25",
        "F_CAST-27",
        "F_CAST-29",
        "F_CAST-30",
        "F_MACH-02",
        "F_MACH-04",
        "F_MACH-06",
        "F_MACH-09",
        "F_MACH-11",
        "F_MACH-14",
        "F_MACH-16",
        "F_MACH-18",
        "F_MACH-21",
        "F_MACH-23",
        "F_MACH-26",
        "R_CAST-04",
        "R_CAST-06",
        "R_CAST-08",
        "R_CAST-10",
        "R_CAST-13",
        "R_CAST-14",
        "R_CAST-16",
        "R_CAST-18",
        "R_CAST-21",
        "R_CAST-22",
        "R_CAST-24",
        "R_CAST-26",
        "R_CAST-28",
        "R_MACH-02",
        "R_MACH-03",
        "R_MACH-05",
        "R_MACH-07",
        "R_MACH-10",
        "R_MACH-12",
        "R_MACH-14",
        "R_MACH-17",
        "R_MACH-19",
        "R_MACH-22",
        "R_MACH-24"
      ],
      "status": "UNKNOWN",
      "build_seconds": 2.6479526000002807,
      "solve_seconds": 5.981239
    },
    {
      "neighbourhood": "stage",
      "released_runs": [
        "F_BLACK_PAINT-01",
        "F_BLACK_PAINT-02",
        "F_BLACK_PAINT-03",
        "F_BLACK_PAINT-04",
        "F_BLACK_PAINT-05",
        "F_BLACK_PAINT-06",
        "F_BLACK_PAINT-07",
        "F_BLACK_PAINT-RL003-1",
        "F_SILVER_PAINT-01",
        "F_SILVER_PAINT-02",
        "F_SILVER_PAINT-03",
        "F_SILVER_PAINT-04",
        "F_SILVER_PAINT-05",
        "F_SILVER_PAINT-06",
        "F_SILVER_PAINT-07",
        "F_SILVER_PAINT-08",
        "F_SILVER_PAINT-09",
        "F_SILVER_PAINT-10",
        "F_SILVER_PAINT-11",
        "F_SILVER_PAINT-12",
        "F_SILVER_PAINT-13",
        "F_SILVER_PAINT-14",
        "F_SILVER_PAINT-15",
        "F_SILVER_PAINT-RL001-1",
        "F_SILVER_PAINT-RL002-1",
        "R_BLACK_PAINT-01",
        "R_BLACK_PAINT-02",
        "R_BLACK_PAINT-03",
        "R_BLACK_PAINT-04",
        "R_BLACK_PAINT-05",
        "R_BLACK_PAINT-06",
        "R_BLACK_PAINT-07",
        "R_BLACK_PAINT-08",
        "R_SILVER_PAINT-01",
        "R_SILVER_PAINT-02",
        "R_SILVER_PAINT-03",
        "R_SILVER_PAINT-04",
        "R_SILVER_PAINT-05",
        "R_SILVER_PAINT-06",
        "R_SILVER_PAINT-07",
        "R_SILVER_PAINT-08",
        "R_SILVER_PAINT-09",
        "R_SILVER_PAINT-10",
        "R_SILVER_PAINT-11"
      ],
      "status": "UNKNOWN",
      "build_seconds": 2.5938137999983155,
      "solve_seconds": 6.778769100000001
    },
    {
      "neighbourhood": "random",
      "released_runs": [
        "F_BLACK_PAINT-05",
        "F_BLACK_PAINT-06",
        "F_CAST-04",
        "F_CAST-09",
        "F_CAST-20",
        "F_CAST-21",
        "F_CAST-22",
        "F_CAST-RL003-2",
        "F_HEAT-06",
        "F_HEAT-09",
        "F_HEAT-10",
        "F_MACH-13",
        "F_MACH-15",
        "F_MACH-22",
        "F_MACH-23",
        "F_MACH-24",
        "F_MACH-26",
        "F_MACH-RL001-2",
        "F_MACH-RL002-1",
        "F_MACH-RL003-1",
        "F_SILVER_PAINT-03",
        "F_SILVER_PAINT-04",
        "F_SILVER_PAINT-08",
        "F_SILVER_PAINT-RL001-1",
        "F_SILVER_PAINT-RL002-1",
        "L004",
        "L010",
        "L012",
        "L015",
        "L018",
        "L023",
        "L025",
        "L032",
        "L046",
        "L047",
        "L048",
        "R_BLACK_PAINT-01",
        "R_CAST-08",
        "R_CAST-13",
        "R_CAST-23",
        "R_CAST-26",
        "R_CAST-28",
        "R_HEAT-14",
        "R_HEAT-18",
        "R_MACH-05",
        "R_MACH-07",
        "R_MACH-08",
        "R_MACH-14",
        "R_MACH-15",
        "R_MACH-17",
        "R_MACH-21",
        "R_SILVER_PAINT-01",
        "R_SILVER_PAINT-03"
      ],
      "status": "UNKNOWN",
      "build_seconds": 2.697594500001287,
      "solve_seconds": 6.0552107
    },
    {
      "neighbourhood": "time",
      "released_runs": [],
      "status": "UNKNOWN",
      "build_seconds": 4.116514599998482,
      "solve_seconds": 3.7930767000000003
    },
    {
      "neighbourhood": "machine",
      "released_runs": [
        "F_CAST-01",
        "F_CAST-05",
        "F_CAST-07",
        "F_CAST-08",
        "F_CAST-11",
        "F_CAST-13",
        "F_CAST-14",
        "F_CAST-18",
        "F_CAST-20",
        "F_CAST-22",
        "F_CAST-24",
        "F_CAST-26",
        "F_CAST-28",
        "F_CAST-31",
        "F_MACH-01",
        "F_MACH-03",
        "F_MACH-05",
        "F_MACH-07",
        "F_MACH-08",
        "F_MACH-10",
        "F_MACH-12",
        "F_MACH-13",
        "F_MACH-15",
        "F_MACH-17",
        "F_MACH-19",
        "F_MACH-20",
        "F_MACH-22",
        "F_MACH-24",
        "F_MACH-25",
        "F_MACH-27",
        "R_CAST-01",
        "R_CAST-02",
        "R_CAST-03",
        "R_CAST-05",
        "R_CAST-07",
        "R_CAST-09",
        "R_CAST-11",
        "R_CAST-12",
        "R_CAST-15",
        "R_CAST-17",
        "R_CAST-19",
        "R_CAST-20",
        "R_CAST-23",
        "R_CAST-25",
        "R_CAST-27",
        "R_MACH-01",
        "R_MACH-04",
        "R_MACH-06",
        "R_MACH-08",
        "R_MACH-09",
        "R_MACH-11",
        "R_MACH-13",
        "R_MACH-15",
        "R_MACH-16",
        "R_MACH-18",
        "R_MACH-20",
        "R_MACH-21",
        "R_MACH-23"
      ],
      "status": "UNKNOWN",
      "build_seconds": 2.250094099999842,
      "solve_seconds": 7.228747200000001
    },
    {
      "neighbourhood": "stage",
      "released_runs": [
        "F_HEAT-01",
        "F_HEAT-02",
        "F_HEAT-03",
        "F_HEAT-04",
        "F_HEAT-05",
        "F_HEAT-06",
        "F_HEAT-07",
        "F_HEAT-08",
        "F_HEAT-09",
        "F_HEAT-10",
        "F_HEAT-11",
        "F_HEAT-12",
        "F_HEAT-13",
        "F_HEAT-14",
        "F_HEAT-15",
        "F_HEAT-16",
        "F_HEAT-17",
        "F_HEAT-18",
        "F_HEAT-19",
        "F_HEAT-20",
        "F_HEAT-21",
        "F_HEAT-RL001-1",
        "F_HEAT-RL001-2",
        "F_HEAT-RL002-1",
        "F_HEAT-RL002-2",
        "F_HEAT-RL003-1",
        "F_HEAT-RL003-2",
        "R_HEAT-01",
        "R_HEAT-02",
        "R_HEAT-03",
        "R_HEAT-04",
        "R_HEAT-05",
        "R_HEAT-06",
        "R_HEAT-07",
        "R_HEAT-08",
        "R_HEAT-09",
        "R_HEAT-10",
        "R_HEAT-11",
        "R_HEAT-12",
        "R_HEAT-13",
        "R_HEAT-14",
        "R_HEAT-15",
        "R_HEAT-16",
        "R_HEAT-17",
        "R_HEAT-18",
        "R_HEAT-19"
      ],
      "status": "UNKNOWN",
      "build_seconds": 2.5243292999984988,
      "solve_seconds": 6.7519239
    },
    {
      "neighbourhood": "random",
      "released_runs": [
        "F_BLACK_PAINT-RL003-1",
        "F_CAST-01",
        "F_CAST-03",
        "F_CAST-06",
        "F_CAST-11",
        "F_CAST-12",
        "F_CAST-16",
        "F_CAST-18",
        "F_CAST-19",
        "F_CAST-RL001-1",
        "F_HEAT-02",
        "F_HEAT-07",
        "F_HEAT-09",
        "F_HEAT-11",
        "F_MACH-03",
        "F_MACH-08",
        "F_MACH-10",
        "F_MACH-15",
        "F_MACH-18",
        "F_MACH-27",
        "F_MACH-RL003-1",
        "F_SILVER_PAINT-03",
        "F_SILVER_PAINT-06",
        "F_SILVER_PAINT-11",
        "L007",
        "L010",
        "L017",
        "L023",
        "L030",
        "RL002",
        "R_BLACK_PAINT-05",
        "R_BLACK_PAINT-06",
        "R_CAST-01",
        "R_CAST-05",
        "R_CAST-08",
        "R_CAST-14",
        "R_CAST-16",
        "R_CAST-20",
        "R_CAST-21",
        "R_CAST-25",
        "R_CAST-RB001",
        "R_HEAT-07",
        "R_HEAT-11",
        "R_HEAT-15",
        "R_MACH-01",
        "R_MACH-05",
        "R_MACH-10",
        "R_MACH-11",
        "R_MACH-14",
        "R_MACH-19",
        "R_MACH-20",
        "R_SILVER_PAINT-03",
        "R_SILVER_PAINT-10"
      ],
      "status": "UNKNOWN",
      "build_seconds": 2.8809570000012172,
      "solve_seconds": 5.986021900000001
    },
    {
      "neighbourhood": "time",
      "released_runs": [
        "L018",
        "L027",
        "L039",
        "L040",
        "L048",
        "L049",
        "R_BLACK_PAINT-08",
        "R_MACH-23",
        "R_MACH-24"
      ],
      "status": "UNKNOWN",
      "build_seconds": 2.9894569000025513,
      "solve_seconds": 3.8997040000000003
    }
  ],
  "bound": null,
  "bound_scope": "none; neighborhood bounds are not global",
  "initial_hint_objective": 323465103544,
  "hint_source": "EDD + d\u1ed3n ca",
  "workers": 1,
  "patience_seconds": null,
  "stop_reason": "budget"
}