{
  "status": "HEURISTIC_FEASIBLE",
  "history": [
    {
      "seconds": 0.0031875999993644655,
      "objective": 17574,
      "source": "EDD"
    },
    {
      "seconds": 0.7770380000001751,
      "objective": 17264,
      "iteration": 1
    },
    {
      "seconds": 2.4537361999973655,
      "objective": 14346,
      "iteration": 2
    },
    {
      "seconds": 3.38709419999941,
      "objective": 12906,
      "iteration": 3
    },
    {
      "seconds": 5.713260599994101,
      "objective": 11466,
      "iteration": 5
    },
    {
      "seconds": 8.424820799998997,
      "objective": 11406,
      "iteration": 7
    }
  ],
  "iterations": [
    {
      "released_runs": [
        "F_CAST-RL001-1",
        "F_CAST-RL002-1",
        "F_CAST-RL002-2",
        "F_SILVER_PAINT-02",
        "L004",
        "R_BLACK_PAINT-01",
        "R_CAST-01",
        "R_MACH-01"
      ],
      "status": "OPTIMAL",
      "build_seconds": 0.07944819999829633,
      "solve_seconds": 0.6894529
    },
    {
      "released_runs": [
        "F_CAST-01",
        "F_CAST-02",
        "F_CAST-03",
        "F_MACH-RL001-1",
        "L001",
        "L002",
        "L003",
        "R_CAST-03"
      ],
      "status": "OPTIMAL",
      "build_seconds": 0.0789879000003566,
      "solve_seconds": 1.5934525000000002
    },
    {
      "released_runs": [
        "F_CAST-01",
        "F_CAST-RL001-2",
        "F_CAST-RL002-2",
        "F_MACH-03",
        "F_SILVER_PAINT-01",
        "L004",
        "RL001",
        "R_MACH-01"
      ],
      "status": "OPTIMAL",
      "build_seconds": 0.07897239999874728,
      "solve_seconds": 0.8503440000000001
    },
    {
      "released_runs": [
        "F_CAST-03",
        "F_MACH-04",
        "F_MACH-RL001-1",
        "F_SILVER_PAINT-RL001-1",
        "L005",
        "R_BLACK_PAINT-01",
        "R_CAST-RB001",
        "R_SILVER_PAINT-01"
      ],
      "status": "OPTIMAL",
      "build_seconds": 0.07996260000072652,
      "solve_seconds": 0.882591
    },
    {
      "released_runs": [
        "F_CAST-03",
        "F_CAST-RL002-1",
        "F_CAST-RL002-2",
        "F_MACH-01",
        "F_MACH-04",
        "F_MACH-RL002-1",
        "F_SILVER_PAINT-02",
        "R_BLACK_PAINT-01"
      ],
      "status": "OPTIMAL",
      "build_seconds": 0.08051140000316082,
      "solve_seconds": 1.2741
    },
    {
      "released_runs": [
        "F_HEAT-02",
        "F_HEAT-RL002-1",
        "F_MACH-RL001-1",
        "F_SILVER_PAINT-02",
        "L001",
        "RL001",
        "R_CAST-03",
        "R_SILVER_PAINT-01"
      ],
      "status": "OPTIMAL",
      "build_seconds": 0.09044049999647541,
      "solve_seconds": 0.7734736000000001
    },
    {
      "released_runs": [
        "F_CAST-RL001-2",
        "F_HEAT-01",
        "F_MACH-02",
        "F_MACH-03",
        "F_SILVER_PAINT-02",
        "L003",
        "R_CAST-03",
        "R_MACH-01"
      ],
      "status": "OPTIMAL",
      "build_seconds": 0.08058700000401586,
      "solve_seconds": 1.7583686
    },
    {
      "released_runs": [
        "F_CAST-RL002-1",
        "F_MACH-04",
        "F_MACH-RL002-1",
        "RL001",
        "RL002",
        "R_BLACK_PAINT-01",
        "R_MACH-01",
        "R_MACH-03"
      ],
      "status": "OPTIMAL",
      "build_seconds": 0.07864300000073854,
      "solve_seconds": 0.6451525
    },
    {
      "released_runs": [
        "F_BLACK_PAINT-01",
        "F_CAST-03",
        "F_CAST-RL001-2",
        "F_CAST-RL002-2",
        "F_SILVER_PAINT-RL001-1",
        "L002",
        "R_CAST-RB001",
        "R_MACH-01"
      ],
      "status": "OPTIMAL",
      "build_seconds": 0.07885090000490891,
      "solve_seconds": 2.1044979
    },
    {
      "released_runs": [
        "F_HEAT-01",
        "F_HEAT-03",
        "F_HEAT-RL001-1",
        "F_MACH-02",
        "F_MACH-03",
        "F_MACH-RL002-1",
        "L001",
        "R_MACH-01"
      ],
      "status": "OPTIMAL",
      "build_seconds": 0.08257050000247546,
      "solve_seconds": 9.7453337
    },
    {
      "released_runs": [
        "F_CAST-01",
        "F_CAST-RL002-1",
        "F_MACH-RL001-1",
        "L005",
        "R_CAST-01",
        "R_CAST-02",
        "R_HEAT-01",
        "R_MACH-02"
      ],
      "status": "OPTIMAL",
      "build_seconds": 0.08204630000545876,
      "solve_seconds": 0.7224968
    },
    {
      "released_runs": [
        "F_BLACK_PAINT-RL002-1",
        "F_CAST-03",
        "F_CAST-RL001-2",
        "F_SILVER_PAINT-RL001-1",
        "L004",
        "RL001",
        "R_MACH-01",
        "R_SILVER_PAINT-01"
      ],
      "status": "OPTIMAL",
      "build_seconds": 0.08099199999560369,
      "solve_seconds": 2.9147642
    },
    {
      "released_runs": [
        "F_CAST-02",
        "F_CAST-RL001-2",
        "F_CAST-RL002-2",
        "F_MACH-02",
        "F_MACH-04",
        "F_SILVER_PAINT-01",
        "RL002",
        "R_BLACK_PAINT-01"
      ],
      "status": "OPTIMAL",
      "build_seconds": 0.09149279999837745,
      "solve_seconds": 1.7858866000000002
    },
    {
      "released_runs": [
        "F_CAST-RL001-2",
        "F_CAST-RL002-2",
        "F_HEAT-02",
        "F_MACH-01",
        "L004",
        "RL002",
        "R_CAST-03",
        "R_HEAT-02"
      ],
      "status": "OPTIMAL",
      "build_seconds": 0.08188779999909457,
      "solve_seconds": 0.7602095000000001
    }
  ],
  "bound": null,
  "bound_scope": "none; neighborhood bounds are not global",
  "initial_hint_objective": 17574
}