{
  "status": "HEURISTIC_FEASIBLE",
  "history": [
    {
      "seconds": 0.039209699956700206,
      "objective": 68017,
      "evaluations": 1
    },
    {
      "seconds": 0.32775249995756894,
      "objective": 64272,
      "evaluations": 8
    },
    {
      "seconds": 0.3662351999664679,
      "objective": 60243,
      "evaluations": 9
    },
    {
      "seconds": 0.7938065999187529,
      "objective": 56437,
      "evaluations": 20
    },
    {
      "seconds": 1.1058595000067726,
      "objective": 55435,
      "evaluations": 28
    },
    {
      "seconds": 3.4972113999538124,
      "objective": 55252,
      "evaluations": 89
    },
    {
      "seconds": 4.196542599936947,
      "objective": 54887,
      "evaluations": 107
    },
    {
      "seconds": 4.938365499954671,
      "objective": 54745,
      "evaluations": 126
    },
    {
      "seconds": 5.329717300017364,
      "objective": 54738,
      "evaluations": 136
    },
    {
      "seconds": 6.669270799960941,
      "objective": 54617,
      "evaluations": 170
    },
    {
      "seconds": 7.8416793999494985,
      "objective": 54610,
      "evaluations": 200
    },
    {
      "seconds": 8.469121699919924,
      "objective": 54286,
      "evaluations": 216
    },
    {
      "seconds": 8.624627399956807,
      "objective": 54158,
      "evaluations": 220
    },
    {
      "seconds": 9.644607999944128,
      "objective": 53832,
      "evaluations": 246
    },
    {
      "seconds": 11.285027300007641,
      "objective": 53752,
      "evaluations": 288
    },
    {
      "seconds": 11.829065299942158,
      "objective": 53732,
      "evaluations": 302
    },
    {
      "seconds": 12.011016099946573,
      "objective": 53707,
      "evaluations": 306
    },
    {
      "seconds": 12.878746400005184,
      "objective": 53663,
      "evaluations": 327
    },
    {
      "seconds": 12.996484100003727,
      "objective": 53375,
      "evaluations": 330
    },
    {
      "seconds": 13.991576400003396,
      "objective": 53339,
      "evaluations": 355
    },
    {
      "seconds": 15.067453700001352,
      "objective": 53277,
      "evaluations": 382
    },
    {
      "seconds": 15.425080099957995,
      "objective": 53190,
      "evaluations": 391
    },
    {
      "seconds": 16.171926499926485,
      "objective": 52885,
      "evaluations": 410
    },
    {
      "seconds": 16.372449999907985,
      "objective": 52799,
      "evaluations": 415
    },
    {
      "seconds": 16.8502434999682,
      "objective": 52711,
      "evaluations": 427
    },
    {
      "seconds": 17.678773399908096,
      "objective": 52700,
      "evaluations": 447
    },
    {
      "seconds": 17.799537500017323,
      "objective": 52160,
      "evaluations": 450
    },
    {
      "seconds": 18.90892780001741,
      "objective": 51990,
      "evaluations": 478
    },
    {
      "seconds": 19.155511499964632,
      "objective": 51736,
      "evaluations": 484
    },
    {
      "seconds": 20.35073669999838,
      "objective": 51333,
      "evaluations": 513
    },
    {
      "seconds": 22.093135599978268,
      "objective": 50927,
      "evaluations": 555
    },
    {
      "seconds": 24.816913399961777,
      "objective": 50883,
      "evaluations": 623
    },
    {
      "seconds": 28.62728989997413,
      "objective": 50811,
      "evaluations": 720
    },
    {
      "seconds": 29.559165099984966,
      "objective": 50447,
      "evaluations": 744
    }
  ],
  "evaluations": 756,
  "bound": null,
  "generations": 62,
  "population_size": 14,
  "elite": 2,
  "selection": "tournament_3",
  "crossover": "uniform_random_keys"
}