{
  "status": "HEURISTIC_FEASIBLE",
  "history": [
    {
      "seconds": 103.8967647999998,
      "objective": 92145102906
    }
  ],
  "bound": null,
  "bound_scope": "none; windows are solved separately",
  "windows": [
    {
      "start": 0,
      "cutoff": 5760,
      "runs": 60,
      "status": "FEASIBLE",
      "seconds": 17.17,
      "build_seconds": 0.18,
      "committed": 60
    },
    {
      "start": 2880,
      "cutoff": 8640,
      "runs": 60,
      "status": "FEASIBLE",
      "seconds": 17.16,
      "build_seconds": 0.18,
      "committed": 55
    },
    {
      "start": 5760,
      "cutoff": 11520,
      "runs": 60,
      "status": "FEASIBLE",
      "seconds": 17.17,
      "build_seconds": 0.26,
      "committed": 60
    },
    {
      "start": 8640,
      "cutoff": 14400,
      "runs": 45,
      "status": "FEASIBLE",
      "seconds": 17.14,
      "build_seconds": 0.1,
      "committed": 15
    },
    {
      "start": 11520,
      "cutoff": 17280,
      "runs": 38,
      "status": "FEASIBLE",
      "seconds": 17.13,
      "build_seconds": 0.06,
      "committed": 19
    },
    {
      "start": 14400,
      "cutoff": 20160,
      "runs": 60,
      "status": "FEASIBLE",
      "seconds": 17.13,
      "build_seconds": 0.1,
      "committed": 31
    },
    {
      "start": 17280,
      "cutoff": null,
      "runs": 29,
      "status": "OPTIMAL->EDD",
      "seconds": 0.98,
      "build_seconds": 0.05,
      "committed": 0
    }
  ],
  "workers": 1,
  "step_days": 2,
  "lookahead_days": 4,
  "max_runs": 60,
  "reserve_days": 4
}